Component: Arm Compiler for Embedded 6.19 Tool: armlink [5e73cb00]

==============================================================================

Section Cross References

    main.o(.text.delay) refers to led_open1768.o(.text.LED_Off) for LED_Off
    main.o(.text.delay) refers to buttons_open1768.o(.text.Buttons_GetState) for Buttons_GetState
    main.o(.text.delay) refers to joystick_open1768.o(.text.Joystick_GetState) for Joystick_GetState
    main.o(.text.delay) refers to led_open1768.o(.text.LED_On) for LED_On
    main.o(.ARM.exidx.text.delay) refers to main.o(.text.delay) for [Anonymous Symbol]
    main.o(.text.delay2) refers to main.o(.bss.msTicks) for msTicks
    main.o(.ARM.exidx.text.delay2) refers to main.o(.text.delay2) for [Anonymous Symbol]
    main.o(.text.SysTick_Handler) refers to main.o(.bss.msTicks) for msTicks
    main.o(.ARM.exidx.text.SysTick_Handler) refers to main.o(.text.SysTick_Handler) for [Anonymous Symbol]
    main.o(.text.main) refers to uart_lpc17xx.o(.rodata.Driver_USART3) for Driver_USART3
    main.o(.text.main) refers to led_open1768.o(.text.LED_Initialize) for LED_Initialize
    main.o(.text.main) refers to main.o(.bss.msTicks) for msTicks
    main.o(.text.main) refers to led_open1768.o(.text.LED_Off) for LED_Off
    main.o(.text.main) refers to led_open1768.o(.text.LED_On) for LED_On
    main.o(.ARM.exidx.text.main) refers to main.o(.text.main) for [Anonymous Symbol]
    buttons_open1768.o(.text.Buttons_Initialize) refers to gpio_lpc17xx.o(.text.GPIO_PortClock) for GPIO_PortClock
    buttons_open1768.o(.text.Buttons_Initialize) refers to buttons_open1768.o(.rodata.cst4) for BUTTON_PIN
    buttons_open1768.o(.text.Buttons_Initialize) refers to pin_lpc17xx.o(.text.PIN_Configure) for PIN_Configure
    buttons_open1768.o(.text.Buttons_Initialize) refers to gpio_lpc17xx.o(.text.GPIO_SetDir) for GPIO_SetDir
    buttons_open1768.o(.ARM.exidx.text.Buttons_Initialize) refers to buttons_open1768.o(.text.Buttons_Initialize) for [Anonymous Symbol]
    buttons_open1768.o(.text.Buttons_Uninitialize) refers to buttons_open1768.o(.rodata.cst4) for BUTTON_PIN
    buttons_open1768.o(.text.Buttons_Uninitialize) refers to pin_lpc17xx.o(.text.PIN_Configure) for PIN_Configure
    buttons_open1768.o(.ARM.exidx.text.Buttons_Uninitialize) refers to buttons_open1768.o(.text.Buttons_Uninitialize) for [Anonymous Symbol]
    buttons_open1768.o(.text.Buttons_GetState) refers to buttons_open1768.o(.rodata.cst4) for BUTTON_PIN
    buttons_open1768.o(.text.Buttons_GetState) refers to gpio_lpc17xx.o(.text.GPIO_PinRead) for GPIO_PinRead
    buttons_open1768.o(.ARM.exidx.text.Buttons_GetState) refers to buttons_open1768.o(.text.Buttons_GetState) for [Anonymous Symbol]
    buttons_open1768.o(.ARM.exidx.text.Buttons_GetCount) refers to buttons_open1768.o(.text.Buttons_GetCount) for [Anonymous Symbol]
    joystick_open1768.o(.text.Joystick_Initialize) refers to gpio_lpc17xx.o(.text.GPIO_PortClock) for GPIO_PortClock
    joystick_open1768.o(.text.Joystick_Initialize) refers to joystick_open1768.o(.rodata.JOYSTICK_PIN) for JOYSTICK_PIN
    joystick_open1768.o(.text.Joystick_Initialize) refers to pin_lpc17xx.o(.text.PIN_Configure) for PIN_Configure
    joystick_open1768.o(.text.Joystick_Initialize) refers to gpio_lpc17xx.o(.text.GPIO_SetDir) for GPIO_SetDir
    joystick_open1768.o(.ARM.exidx.text.Joystick_Initialize) refers to joystick_open1768.o(.text.Joystick_Initialize) for [Anonymous Symbol]
    joystick_open1768.o(.text.Joystick_Uninitialize) refers to joystick_open1768.o(.rodata.JOYSTICK_PIN) for JOYSTICK_PIN
    joystick_open1768.o(.text.Joystick_Uninitialize) refers to pin_lpc17xx.o(.text.PIN_Configure) for PIN_Configure
    joystick_open1768.o(.ARM.exidx.text.Joystick_Uninitialize) refers to joystick_open1768.o(.text.Joystick_Uninitialize) for [Anonymous Symbol]
    joystick_open1768.o(.text.Joystick_GetState) refers to gpio_lpc17xx.o(.text.GPIO_PinRead) for GPIO_PinRead
    joystick_open1768.o(.ARM.exidx.text.Joystick_GetState) refers to joystick_open1768.o(.text.Joystick_GetState) for [Anonymous Symbol]
    led_open1768.o(.text.LED_Initialize) refers to gpio_lpc17xx.o(.text.GPIO_PortClock) for GPIO_PortClock
    led_open1768.o(.text.LED_Initialize) refers to led_open1768.o(.rodata.cst16) for LED_PIN
    led_open1768.o(.text.LED_Initialize) refers to pin_lpc17xx.o(.text.PIN_Configure) for PIN_Configure
    led_open1768.o(.text.LED_Initialize) refers to gpio_lpc17xx.o(.text.GPIO_SetDir) for GPIO_SetDir
    led_open1768.o(.text.LED_Initialize) refers to gpio_lpc17xx.o(.text.GPIO_PinWrite) for GPIO_PinWrite
    led_open1768.o(.ARM.exidx.text.LED_Initialize) refers to led_open1768.o(.text.LED_Initialize) for [Anonymous Symbol]
    led_open1768.o(.text.LED_Uninitialize) refers to led_open1768.o(.rodata.cst16) for LED_PIN
    led_open1768.o(.text.LED_Uninitialize) refers to pin_lpc17xx.o(.text.PIN_Configure) for PIN_Configure
    led_open1768.o(.ARM.exidx.text.LED_Uninitialize) refers to led_open1768.o(.text.LED_Uninitialize) for [Anonymous Symbol]
    led_open1768.o(.text.LED_On) refers to led_open1768.o(.rodata.cst16) for LED_PIN
    led_open1768.o(.text.LED_On) refers to gpio_lpc17xx.o(.text.GPIO_PinWrite) for GPIO_PinWrite
    led_open1768.o(.ARM.exidx.text.LED_On) refers to led_open1768.o(.text.LED_On) for [Anonymous Symbol]
    led_open1768.o(.text.LED_Off) refers to led_open1768.o(.rodata.cst16) for LED_PIN
    led_open1768.o(.text.LED_Off) refers to gpio_lpc17xx.o(.text.GPIO_PinWrite) for GPIO_PinWrite
    led_open1768.o(.ARM.exidx.text.LED_Off) refers to led_open1768.o(.text.LED_Off) for [Anonymous Symbol]
    led_open1768.o(.text.LED_SetOut) refers to led_open1768.o(.rodata.cst16) for LED_PIN
    led_open1768.o(.text.LED_SetOut) refers to gpio_lpc17xx.o(.text.GPIO_PinWrite) for GPIO_PinWrite
    led_open1768.o(.ARM.exidx.text.LED_SetOut) refers to led_open1768.o(.text.LED_SetOut) for [Anonymous Symbol]
    led_open1768.o(.ARM.exidx.text.LED_GetCount) refers to led_open1768.o(.text.LED_GetCount) for [Anonymous Symbol]
    uart_lpc17xx.o(.text.USART_SetBaudrate) refers to uart_lpc17xx.o(.rodata.cst16) for .Lswitch.table.USART3_Control
    uart_lpc17xx.o(.text.USART_SetBaudrate) refers to system_lpc17xx.o(.data.SystemCoreClock) for SystemCoreClock
    uart_lpc17xx.o(.text.USART_SetBaudrate) refers to lludivv7m.o(.text) for __aeabi_uldivmod
    uart_lpc17xx.o(.text.USART_SetBaudrate) refers to uart_lpc17xx.o(.rodata.fract_div_lookup_table) for fract_div_lookup_table
    uart_lpc17xx.o(.ARM.exidx.text.USART_SetBaudrate) refers to uart_lpc17xx.o(.text.USART_SetBaudrate) for [Anonymous Symbol]
    uart_lpc17xx.o(.text.UART3_IRQHandler) refers to uart_lpc17xx.o(.bss.USART3_Info) for USART3_Info
    uart_lpc17xx.o(.ARM.exidx.text.UART3_IRQHandler) refers to uart_lpc17xx.o(.text.UART3_IRQHandler) for [Anonymous Symbol]
    uart_lpc17xx.o(.text.USART3_GPDMA_Tx_Event) refers to uart_lpc17xx.o(.bss.USART3_Info) for USART3_Info
    uart_lpc17xx.o(.ARM.exidx.text.USART3_GPDMA_Tx_Event) refers to uart_lpc17xx.o(.text.USART3_GPDMA_Tx_Event) for [Anonymous Symbol]
    uart_lpc17xx.o(.text.USART3_GPDMA_Rx_Event) refers to uart_lpc17xx.o(.bss.USART3_Info) for USART3_Info
    uart_lpc17xx.o(.ARM.exidx.text.USART3_GPDMA_Rx_Event) refers to uart_lpc17xx.o(.text.USART3_GPDMA_Rx_Event) for [Anonymous Symbol]
    uart_lpc17xx.o(.ARM.exidx.text.USARTx_GetVersion) refers to uart_lpc17xx.o(.text.USARTx_GetVersion) for [Anonymous Symbol]
    uart_lpc17xx.o(.ARM.exidx.text.USART3_GetCapabilities) refers to uart_lpc17xx.o(.text.USART3_GetCapabilities) for [Anonymous Symbol]
    uart_lpc17xx.o(.text.USART3_Initialize) refers to uart_lpc17xx.o(.bss.USART3_Info) for USART3_Info
    uart_lpc17xx.o(.text.USART3_Initialize) refers to gpdma_lpc17xx.o(.text.GPDMA_Initialize) for GPDMA_Initialize
    uart_lpc17xx.o(.ARM.exidx.text.USART3_Initialize) refers to uart_lpc17xx.o(.text.USART3_Initialize) for [Anonymous Symbol]
    uart_lpc17xx.o(.text.USART3_Uninitialize) refers to gpdma_lpc17xx.o(.text.GPDMA_Uninitialize) for GPDMA_Uninitialize
    uart_lpc17xx.o(.text.USART3_Uninitialize) refers to uart_lpc17xx.o(.bss.USART3_Info) for USART3_Info
    uart_lpc17xx.o(.ARM.exidx.text.USART3_Uninitialize) refers to uart_lpc17xx.o(.text.USART3_Uninitialize) for [Anonymous Symbol]
    uart_lpc17xx.o(.text.USART3_PowerControl) refers to uart_lpc17xx.o(.bss.USART3_Info) for USART3_Info
    uart_lpc17xx.o(.text.USART3_PowerControl) refers to gpdma_lpc17xx.o(.text.GPDMA_ChannelDisable) for GPDMA_ChannelDisable
    uart_lpc17xx.o(.ARM.exidx.text.USART3_PowerControl) refers to uart_lpc17xx.o(.text.USART3_PowerControl) for [Anonymous Symbol]
    uart_lpc17xx.o(.text.USART3_Send) refers to uart_lpc17xx.o(.text.USART_Send) for USART_Send
    uart_lpc17xx.o(.ARM.exidx.text.USART3_Send) refers to uart_lpc17xx.o(.text.USART3_Send) for [Anonymous Symbol]
    uart_lpc17xx.o(.text.USART3_Receive) refers to uart_lpc17xx.o(.text.USART_Receive) for USART_Receive
    uart_lpc17xx.o(.ARM.exidx.text.USART3_Receive) refers to uart_lpc17xx.o(.text.USART3_Receive) for [Anonymous Symbol]
    uart_lpc17xx.o(.text.USART3_Transfer) refers to uart_lpc17xx.o(.bss.USART3_Info) for USART3_Info
    uart_lpc17xx.o(.text.USART3_Transfer) refers to uart_lpc17xx.o(.text.USART_Receive) for USART_Receive
    uart_lpc17xx.o(.text.USART3_Transfer) refers to uart_lpc17xx.o(.text.USART_Send) for USART_Send
    uart_lpc17xx.o(.ARM.exidx.text.USART3_Transfer) refers to uart_lpc17xx.o(.text.USART3_Transfer) for [Anonymous Symbol]
    uart_lpc17xx.o(.text.USART3_GetTxCount) refers to gpdma_lpc17xx.o(.text.GPDMA_ChannelGetCount) for GPDMA_ChannelGetCount
    uart_lpc17xx.o(.ARM.exidx.text.USART3_GetTxCount) refers to uart_lpc17xx.o(.text.USART3_GetTxCount) for [Anonymous Symbol]
    uart_lpc17xx.o(.text.USART3_GetRxCount) refers to gpdma_lpc17xx.o(.text.GPDMA_ChannelGetCount) for GPDMA_ChannelGetCount
    uart_lpc17xx.o(.ARM.exidx.text.USART3_GetRxCount) refers to uart_lpc17xx.o(.text.USART3_GetRxCount) for [Anonymous Symbol]
    uart_lpc17xx.o(.text.USART3_Control) refers to uart_lpc17xx.o(.bss.USART3_Info) for USART3_Info
    uart_lpc17xx.o(.text.USART3_Control) refers to uart_lpc17xx.o(.rodata.cst16) for .Lswitch.table.USART3_Control
    uart_lpc17xx.o(.text.USART3_Control) refers to system_lpc17xx.o(.data.SystemCoreClock) for SystemCoreClock
    uart_lpc17xx.o(.text.USART3_Control) refers to gpdma_lpc17xx.o(.text.GPDMA_ChannelDisable) for GPDMA_ChannelDisable
    uart_lpc17xx.o(.text.USART3_Control) refers to uart_lpc17xx.o(.rodata.USART3_Resources) for USART3_Resources
    uart_lpc17xx.o(.text.USART3_Control) refers to uart_lpc17xx.o(.text.USART_SetBaudrate) for USART_SetBaudrate
    uart_lpc17xx.o(.ARM.exidx.text.USART3_Control) refers to uart_lpc17xx.o(.text.USART3_Control) for [Anonymous Symbol]
    uart_lpc17xx.o(.text.USART3_GetStatus) refers to uart_lpc17xx.o(.bss.USART3_Info) for USART3_Info
    uart_lpc17xx.o(.ARM.exidx.text.USART3_GetStatus) refers to uart_lpc17xx.o(.text.USART3_GetStatus) for [Anonymous Symbol]
    uart_lpc17xx.o(.text.USART3_SetModemControl) refers to uart_lpc17xx.o(.bss.USART3_Info) for USART3_Info
    uart_lpc17xx.o(.ARM.exidx.text.USART3_SetModemControl) refers to uart_lpc17xx.o(.text.USART3_SetModemControl) for [Anonymous Symbol]
    uart_lpc17xx.o(.ARM.exidx.text.USART3_GetModemStatus) refers to uart_lpc17xx.o(.text.USART3_GetModemStatus) for [Anonymous Symbol]
    uart_lpc17xx.o(.text.USART_Send) refers to uart_lpc17xx.o(.bss.USART3_Info) for USART3_Info
    uart_lpc17xx.o(.text.USART_Send) refers to uart_lpc17xx.o(.text.USART_Receive) for USART_Receive
    uart_lpc17xx.o(.text.USART_Send) refers to gpdma_lpc17xx.o(.text.GPDMA_PeripheralSelect) for GPDMA_PeripheralSelect
    uart_lpc17xx.o(.text.USART_Send) refers to uart_lpc17xx.o(.text.USART3_GPDMA_Tx_Event) for USART3_GPDMA_Tx_Event
    uart_lpc17xx.o(.text.USART_Send) refers to gpdma_lpc17xx.o(.text.GPDMA_ChannelConfigure) for GPDMA_ChannelConfigure
    uart_lpc17xx.o(.ARM.exidx.text.USART_Send) refers to uart_lpc17xx.o(.text.USART_Send) for [Anonymous Symbol]
    uart_lpc17xx.o(.text.USART_Receive) refers to uart_lpc17xx.o(.bss.USART3_Info) for USART3_Info
    uart_lpc17xx.o(.text.USART_Receive) refers to gpdma_lpc17xx.o(.text.GPDMA_PeripheralSelect) for GPDMA_PeripheralSelect
    uart_lpc17xx.o(.text.USART_Receive) refers to uart_lpc17xx.o(.text.USART3_GPDMA_Rx_Event) for USART3_GPDMA_Rx_Event
    uart_lpc17xx.o(.text.USART_Receive) refers to gpdma_lpc17xx.o(.text.GPDMA_ChannelConfigure) for GPDMA_ChannelConfigure
    uart_lpc17xx.o(.text.USART_Receive) refers to uart_lpc17xx.o(.text.USART_Send) for USART_Send
    uart_lpc17xx.o(.ARM.exidx.text.USART_Receive) refers to uart_lpc17xx.o(.text.USART_Receive) for [Anonymous Symbol]
    uart_lpc17xx.o(.rodata.Driver_USART3) refers to uart_lpc17xx.o(.text.USARTx_GetVersion) for USARTx_GetVersion
    uart_lpc17xx.o(.rodata.Driver_USART3) refers to uart_lpc17xx.o(.text.USART3_GetCapabilities) for USART3_GetCapabilities
    uart_lpc17xx.o(.rodata.Driver_USART3) refers to uart_lpc17xx.o(.text.USART3_Initialize) for USART3_Initialize
    uart_lpc17xx.o(.rodata.Driver_USART3) refers to uart_lpc17xx.o(.text.USART3_Uninitialize) for USART3_Uninitialize
    uart_lpc17xx.o(.rodata.Driver_USART3) refers to uart_lpc17xx.o(.text.USART3_PowerControl) for USART3_PowerControl
    uart_lpc17xx.o(.rodata.Driver_USART3) refers to uart_lpc17xx.o(.text.USART3_Send) for USART3_Send
    uart_lpc17xx.o(.rodata.Driver_USART3) refers to uart_lpc17xx.o(.text.USART3_Receive) for USART3_Receive
    uart_lpc17xx.o(.rodata.Driver_USART3) refers to uart_lpc17xx.o(.text.USART3_Transfer) for USART3_Transfer
    uart_lpc17xx.o(.rodata.Driver_USART3) refers to uart_lpc17xx.o(.text.USART3_GetTxCount) for USART3_GetTxCount
    uart_lpc17xx.o(.rodata.Driver_USART3) refers to uart_lpc17xx.o(.text.USART3_GetRxCount) for USART3_GetRxCount
    uart_lpc17xx.o(.rodata.Driver_USART3) refers to uart_lpc17xx.o(.text.USART3_Control) for USART3_Control
    uart_lpc17xx.o(.rodata.Driver_USART3) refers to uart_lpc17xx.o(.text.USART3_GetStatus) for USART3_GetStatus
    uart_lpc17xx.o(.rodata.Driver_USART3) refers to uart_lpc17xx.o(.text.USART3_SetModemControl) for USART3_SetModemControl
    uart_lpc17xx.o(.rodata.Driver_USART3) refers to uart_lpc17xx.o(.text.USART3_GetModemStatus) for USART3_GetModemStatus
    uart_lpc17xx.o(.rodata.USART3_DMA_Tx) refers to uart_lpc17xx.o(.text.USART3_GPDMA_Tx_Event) for USART3_GPDMA_Tx_Event
    uart_lpc17xx.o(.rodata.USART3_DMA_Rx) refers to uart_lpc17xx.o(.text.USART3_GPDMA_Rx_Event) for USART3_GPDMA_Rx_Event
    uart_lpc17xx.o(.rodata.USART3_Resources) refers to uart_lpc17xx.o(.rodata.USART3_DMA_Tx) for [Anonymous Symbol]
    uart_lpc17xx.o(.rodata.USART3_Resources) refers to uart_lpc17xx.o(.rodata.USART3_DMA_Rx) for [Anonymous Symbol]
    uart_lpc17xx.o(.rodata.USART3_Resources) refers to uart_lpc17xx.o(.bss.USART3_Info) for [Anonymous Symbol]
    gpdma_lpc17xx.o(.text.GPDMA_Initialize) refers to gpdma_lpc17xx.o(.bss.Init_cnt) for Init_cnt
    gpdma_lpc17xx.o(.text.GPDMA_Initialize) refers to gpdma_lpc17xx.o(.bss.Channel_info) for Channel_info
    gpdma_lpc17xx.o(.ARM.exidx.text.GPDMA_Initialize) refers to gpdma_lpc17xx.o(.text.GPDMA_Initialize) for [Anonymous Symbol]
    gpdma_lpc17xx.o(.text.GPDMA_Uninitialize) refers to gpdma_lpc17xx.o(.bss.Init_cnt) for Init_cnt
    gpdma_lpc17xx.o(.ARM.exidx.text.GPDMA_Uninitialize) refers to gpdma_lpc17xx.o(.text.GPDMA_Uninitialize) for [Anonymous Symbol]
    gpdma_lpc17xx.o(.ARM.exidx.text.GPDMA_PeripheralSelect) refers to gpdma_lpc17xx.o(.text.GPDMA_PeripheralSelect) for [Anonymous Symbol]
    gpdma_lpc17xx.o(.text.GPDMA_ChannelConfigure) refers to gpdma_lpc17xx.o(.bss.Channel_active) for Channel_active
    gpdma_lpc17xx.o(.text.GPDMA_ChannelConfigure) refers to gpdma_lpc17xx.o(.bss.Channel_info) for Channel_info
    gpdma_lpc17xx.o(.ARM.exidx.text.GPDMA_ChannelConfigure) refers to gpdma_lpc17xx.o(.text.GPDMA_ChannelConfigure) for [Anonymous Symbol]
    gpdma_lpc17xx.o(.text.GPDMA_ChannelEnable) refers to gpdma_lpc17xx.o(.bss.Channel_active) for Channel_active
    gpdma_lpc17xx.o(.ARM.exidx.text.GPDMA_ChannelEnable) refers to gpdma_lpc17xx.o(.text.GPDMA_ChannelEnable) for [Anonymous Symbol]
    gpdma_lpc17xx.o(.text.GPDMA_ChannelDisable) refers to gpdma_lpc17xx.o(.bss.Channel_active) for Channel_active
    gpdma_lpc17xx.o(.ARM.exidx.text.GPDMA_ChannelDisable) refers to gpdma_lpc17xx.o(.text.GPDMA_ChannelDisable) for [Anonymous Symbol]
    gpdma_lpc17xx.o(.text.GPDMA_ChannelGetStatus) refers to gpdma_lpc17xx.o(.bss.Channel_active) for Channel_active
    gpdma_lpc17xx.o(.ARM.exidx.text.GPDMA_ChannelGetStatus) refers to gpdma_lpc17xx.o(.text.GPDMA_ChannelGetStatus) for [Anonymous Symbol]
    gpdma_lpc17xx.o(.text.GPDMA_ChannelGetCount) refers to gpdma_lpc17xx.o(.bss.Channel_info) for Channel_info
    gpdma_lpc17xx.o(.ARM.exidx.text.GPDMA_ChannelGetCount) refers to gpdma_lpc17xx.o(.text.GPDMA_ChannelGetCount) for [Anonymous Symbol]
    gpdma_lpc17xx.o(.text.DMA_IRQHandler) refers to gpdma_lpc17xx.o(.bss.Channel_active) for Channel_active
    gpdma_lpc17xx.o(.text.DMA_IRQHandler) refers to gpdma_lpc17xx.o(.bss.Channel_info) for Channel_info
    gpdma_lpc17xx.o(.ARM.exidx.text.DMA_IRQHandler) refers to gpdma_lpc17xx.o(.text.DMA_IRQHandler) for [Anonymous Symbol]
    gpio_lpc17xx.o(.ARM.exidx.text.GPIO_PortClock) refers to gpio_lpc17xx.o(.text.GPIO_PortClock) for [Anonymous Symbol]
    gpio_lpc17xx.o(.ARM.exidx.text.GPIO_SetDir) refers to gpio_lpc17xx.o(.text.GPIO_SetDir) for [Anonymous Symbol]
    gpio_lpc17xx.o(.ARM.exidx.text.GPIO_PinWrite) refers to gpio_lpc17xx.o(.text.GPIO_PinWrite) for [Anonymous Symbol]
    gpio_lpc17xx.o(.ARM.exidx.text.GPIO_PinRead) refers to gpio_lpc17xx.o(.text.GPIO_PinRead) for [Anonymous Symbol]
    gpio_lpc17xx.o(.ARM.exidx.text.GPIO_PortWrite) refers to gpio_lpc17xx.o(.text.GPIO_PortWrite) for [Anonymous Symbol]
    gpio_lpc17xx.o(.ARM.exidx.text.GPIO_PortRead) refers to gpio_lpc17xx.o(.text.GPIO_PortRead) for [Anonymous Symbol]
    pin_lpc17xx.o(.ARM.exidx.text.PIN_Configure) refers to pin_lpc17xx.o(.text.PIN_Configure) for [Anonymous Symbol]
    pin_lpc17xx.o(.ARM.exidx.text.PIN_ConfigureTPIU) refers to pin_lpc17xx.o(.text.PIN_ConfigureTPIU) for [Anonymous Symbol]
    pin_lpc17xx.o(.ARM.exidx.text.PIN_ConfigureI2C0Pins) refers to pin_lpc17xx.o(.text.PIN_ConfigureI2C0Pins) for [Anonymous Symbol]
    startup_lpc17xx.o(STACK) refers (Special) to heapauxi.o(.text) for __use_two_region_memory
    startup_lpc17xx.o(HEAP) refers (Special) to heapauxi.o(.text) for __use_two_region_memory
    startup_lpc17xx.o(RESET) refers (Special) to heapauxi.o(.text) for __use_two_region_memory
    startup_lpc17xx.o(RESET) refers to startup_lpc17xx.o(STACK) for __initial_sp
    startup_lpc17xx.o(RESET) refers to startup_lpc17xx.o(.text) for Reset_Handler
    startup_lpc17xx.o(RESET) refers to main.o(.text.SysTick_Handler) for SysTick_Handler
    startup_lpc17xx.o(RESET) refers to uart_lpc17xx.o(.text.UART3_IRQHandler) for UART3_IRQHandler
    startup_lpc17xx.o(RESET) refers to gpdma_lpc17xx.o(.text.DMA_IRQHandler) for DMA_IRQHandler
    startup_lpc17xx.o(.ARM.__at_0x02FC) refers (Special) to heapauxi.o(.text) for __use_two_region_memory
    startup_lpc17xx.o(.text) refers (Special) to heapauxi.o(.text) for __use_two_region_memory
    startup_lpc17xx.o(.text) refers to system_lpc17xx.o(.text.SystemInit) for SystemInit
    startup_lpc17xx.o(.text) refers to __main.o(!!!main) for __main
    startup_lpc17xx.o(.text) refers to startup_lpc17xx.o(HEAP) for Heap_Mem
    startup_lpc17xx.o(.text) refers to startup_lpc17xx.o(STACK) for Stack_Mem
    system_lpc17xx.o(.text.SystemCoreClockUpdate) refers to lludivv7m.o(.text) for __aeabi_uldivmod
    system_lpc17xx.o(.text.SystemCoreClockUpdate) refers to system_lpc17xx.o(.data.SystemCoreClock) for SystemCoreClock
    system_lpc17xx.o(.ARM.exidx.text.SystemCoreClockUpdate) refers to system_lpc17xx.o(.text.SystemCoreClockUpdate) for [Anonymous Symbol]
    system_lpc17xx.o(.ARM.exidx.text.SystemInit) refers to system_lpc17xx.o(.text.SystemInit) for [Anonymous Symbol]
    __main.o(!!!main) refers to __rtentry.o(.ARM.Collect$$rtentry$$00000000) for __rt_entry
    __rtentry.o(.ARM.Collect$$rtentry$$00000000) refers (Special) to __rtentry2.o(.ARM.Collect$$rtentry$$0000000A) for __rt_entry_li
    __rtentry.o(.ARM.Collect$$rtentry$$00000000) refers (Special) to __rtentry2.o(.ARM.Collect$$rtentry$$0000000D) for __rt_entry_main
    __rtentry.o(.ARM.Collect$$rtentry$$00000000) refers (Special) to __rtentry2.o(.ARM.Collect$$rtentry$$0000000C) for __rt_entry_postli_1
    __rtentry.o(.ARM.Collect$$rtentry$$00000000) refers (Special) to __rtentry2.o(.ARM.Collect$$rtentry$$00000009) for __rt_entry_postsh_1
    __rtentry.o(.ARM.Collect$$rtentry$$00000000) refers (Special) to __rtentry2.o(.ARM.Collect$$rtentry$$00000002) for __rt_entry_presh_1
    __rtentry.o(.ARM.Collect$$rtentry$$00000000) refers (Special) to __rtentry4.o(.ARM.Collect$$rtentry$$00000004) for __rt_entry_sh
    aeabi_ldiv0_sigfpe.o(.text) refers to rt_div0.o(.text) for __rt_div0
    __rtentry2.o(.ARM.Collect$$rtentry$$00000008) refers to boardinit2.o(.text) for _platform_post_stackheap_init
    __rtentry2.o(.ARM.Collect$$rtentry$$0000000A) refers to libinit.o(.ARM.Collect$$libinit$$00000000) for __rt_lib_init
    __rtentry2.o(.ARM.Collect$$rtentry$$0000000B) refers to boardinit3.o(.text) for _platform_post_lib_init
    __rtentry2.o(.ARM.Collect$$rtentry$$0000000D) refers to main.o(.text.main) for main
    __rtentry2.o(.ARM.Collect$$rtentry$$0000000D) refers to exit.o(.text) for exit
    __rtentry2.o(.ARM.exidx) refers to __rtentry2.o(.ARM.Collect$$rtentry$$00000001) for .ARM.Collect$$rtentry$$00000001
    __rtentry2.o(.ARM.exidx) refers to __rtentry2.o(.ARM.Collect$$rtentry$$00000008) for .ARM.Collect$$rtentry$$00000008
    __rtentry2.o(.ARM.exidx) refers to __rtentry2.o(.ARM.Collect$$rtentry$$0000000A) for .ARM.Collect$$rtentry$$0000000A
    __rtentry2.o(.ARM.exidx) refers to __rtentry2.o(.ARM.Collect$$rtentry$$0000000B) for .ARM.Collect$$rtentry$$0000000B
    __rtentry2.o(.ARM.exidx) refers to __rtentry2.o(.ARM.Collect$$rtentry$$0000000D) for .ARM.Collect$$rtentry$$0000000D
    __rtentry4.o(.ARM.Collect$$rtentry$$00000004) refers to sys_stackheap_outer.o(.text) for __user_setup_stackheap
    __rtentry4.o(.ARM.exidx) refers to __rtentry4.o(.ARM.Collect$$rtentry$$00000004) for .ARM.Collect$$rtentry$$00000004
    rt_div0.o(.text) refers to defsig_fpe_outer.o(.text) for __rt_SIGFPE
    sys_stackheap_outer.o(.text) refers to libspace.o(.text) for __user_perproc_libspace
    sys_stackheap_outer.o(.text) refers to startup_lpc17xx.o(.text) for __user_initial_stackheap
    exit.o(.text) refers to rtexit.o(.ARM.Collect$$rtexit$$00000000) for __rt_exit
    defsig_fpe_outer.o(.text) refers to defsig_fpe_inner.o(.text) for __rt_SIGFPE_inner
    defsig_fpe_outer.o(.text) refers to defsig_exit.o(.text) for __sig_exit
    defsig_fpe_formal.o(.text) refers to rt_raise.o(.text) for __rt_raise
    libinit.o(.ARM.Collect$$libinit$$00000000) refers (Special) to libinit2.o(.ARM.Collect$$libinit$$00000030) for __rt_lib_init_alloca_1
    libinit.o(.ARM.Collect$$libinit$$00000000) refers (Special) to libinit2.o(.ARM.Collect$$libinit$$0000002E) for __rt_lib_init_argv_1
    libinit.o(.ARM.Collect$$libinit$$00000000) refers (Special) to libinit2.o(.ARM.Collect$$libinit$$0000001D) for __rt_lib_init_atexit_1
    libinit.o(.ARM.Collect$$libinit$$00000000) refers (Special) to libinit2.o(.ARM.Collect$$libinit$$00000023) for __rt_lib_init_clock_1
    libinit.o(.ARM.Collect$$libinit$$00000000) refers (Special) to libinit2.o(.ARM.Collect$$libinit$$00000034) for __rt_lib_init_cpp_1
    libinit.o(.ARM.Collect$$libinit$$00000000) refers (Special) to libinit2.o(.ARM.Collect$$libinit$$00000032) for __rt_lib_init_exceptions_1
    libinit.o(.ARM.Collect$$libinit$$00000000) refers (Special) to libinit2.o(.ARM.Collect$$libinit$$00000002) for __rt_lib_init_fp_1
    libinit.o(.ARM.Collect$$libinit$$00000000) refers (Special) to libinit2.o(.ARM.Collect$$libinit$$00000021) for __rt_lib_init_fp_trap_1
    libinit.o(.ARM.Collect$$libinit$$00000000) refers (Special) to libinit2.o(.ARM.Collect$$libinit$$00000025) for __rt_lib_init_getenv_1
    libinit.o(.ARM.Collect$$libinit$$00000000) refers (Special) to libinit2.o(.ARM.Collect$$libinit$$0000000C) for __rt_lib_init_heap_1
    libinit.o(.ARM.Collect$$libinit$$00000000) refers (Special) to libinit2.o(.ARM.Collect$$libinit$$00000013) for __rt_lib_init_lc_collate_1
    libinit.o(.ARM.Collect$$libinit$$00000000) refers (Special) to libinit2.o(.ARM.Collect$$libinit$$00000015) for __rt_lib_init_lc_ctype_1
    libinit.o(.ARM.Collect$$libinit$$00000000) refers (Special) to libinit2.o(.ARM.Collect$$libinit$$00000017) for __rt_lib_init_lc_monetary_1
    libinit.o(.ARM.Collect$$libinit$$00000000) refers (Special) to libinit2.o(.ARM.Collect$$libinit$$00000019) for __rt_lib_init_lc_numeric_1
    libinit.o(.ARM.Collect$$libinit$$00000000) refers (Special) to libinit2.o(.ARM.Collect$$libinit$$0000001B) for __rt_lib_init_lc_time_1
    libinit.o(.ARM.Collect$$libinit$$00000000) refers (Special) to libinit2.o(.ARM.Collect$$libinit$$00000006) for __rt_lib_init_preinit_1
    libinit.o(.ARM.Collect$$libinit$$00000000) refers (Special) to libinit2.o(.ARM.Collect$$libinit$$00000010) for __rt_lib_init_rand_1
    libinit.o(.ARM.Collect$$libinit$$00000000) refers (Special) to libinit2.o(.ARM.Collect$$libinit$$00000004) for __rt_lib_init_relocate_pie_1
    libinit.o(.ARM.Collect$$libinit$$00000000) refers (Special) to libinit2.o(.ARM.Collect$$libinit$$00000035) for __rt_lib_init_return
    libinit.o(.ARM.Collect$$libinit$$00000000) refers (Special) to libinit2.o(.ARM.Collect$$libinit$$0000001F) for __rt_lib_init_signal_1
    libinit.o(.ARM.Collect$$libinit$$00000000) refers (Special) to libinit2.o(.ARM.Collect$$libinit$$00000027) for __rt_lib_init_stdio_1
    libinit.o(.ARM.Collect$$libinit$$00000000) refers (Special) to libinit2.o(.ARM.Collect$$libinit$$0000000E) for __rt_lib_init_user_alloc_1
    libspace.o(.text) refers to libspace.o(.bss) for __libspace_start
    rtexit.o(.ARM.Collect$$rtexit$$00000000) refers (Special) to rtexit2.o(.ARM.Collect$$rtexit$$00000004) for __rt_exit_exit
    rtexit.o(.ARM.Collect$$rtexit$$00000000) refers (Special) to rtexit2.o(.ARM.Collect$$rtexit$$00000003) for __rt_exit_ls
    rtexit.o(.ARM.Collect$$rtexit$$00000000) refers (Special) to rtexit2.o(.ARM.Collect$$rtexit$$00000002) for __rt_exit_prels_1
    rtexit.o(.ARM.exidx) refers (Special) to rtexit2.o(.ARM.Collect$$rtexit$$00000004) for __rt_exit_exit
    rtexit.o(.ARM.exidx) refers (Special) to rtexit2.o(.ARM.Collect$$rtexit$$00000003) for __rt_exit_ls
    rtexit.o(.ARM.exidx) refers (Special) to rtexit2.o(.ARM.Collect$$rtexit$$00000002) for __rt_exit_prels_1
    rtexit.o(.ARM.exidx) refers to rtexit.o(.ARM.Collect$$rtexit$$00000000) for .ARM.Collect$$rtexit$$00000000
    rt_raise.o(.text) refers to __raise.o(.text) for __raise
    rt_raise.o(.text) refers to sys_exit.o(.text) for _sys_exit
    defsig_exit.o(.text) refers to sys_exit.o(.text) for _sys_exit
    defsig_fpe_inner.o(.text) refers to defsig_general.o(.text) for __default_signal_display
    libinit2.o(.ARM.Collect$$libinit$$00000012) refers to libinit2.o(.ARM.Collect$$libinit$$00000011) for .ARM.Collect$$libinit$$00000011
    libinit2.o(.ARM.Collect$$libinit$$00000014) refers to libinit2.o(.ARM.Collect$$libinit$$00000011) for .ARM.Collect$$libinit$$00000011
    libinit2.o(.ARM.Collect$$libinit$$00000016) refers to libinit2.o(.ARM.Collect$$libinit$$00000011) for .ARM.Collect$$libinit$$00000011
    libinit2.o(.ARM.Collect$$libinit$$00000018) refers to libinit2.o(.ARM.Collect$$libinit$$00000011) for .ARM.Collect$$libinit$$00000011
    libinit2.o(.ARM.Collect$$libinit$$0000001A) refers to libinit2.o(.ARM.Collect$$libinit$$00000011) for .ARM.Collect$$libinit$$00000011
    libinit2.o(.ARM.Collect$$libinit$$00000028) refers to argv_veneer.o(.emb_text) for __ARM_argv_veneer
    libinit2.o(.ARM.Collect$$libinit$$00000029) refers to argv_veneer.o(.emb_text) for __ARM_argv_veneer
    sys_exit.o(.text) refers (Special) to use_no_semi.o(.text) for __I$use$semihosting
    sys_exit.o(.text) refers (Special) to indicate_semi.o(.text) for __semihosting_library_function
    sys_exit_hlt.o(.text) refers (Special) to use_no_semi.o(.text) for __I$use$semihosting
    sys_exit_hlt.o(.text) refers (Special) to indicate_semi.o(.text) for __semihosting_library_function
    rtexit2.o(.ARM.Collect$$rtexit$$00000003) refers to libshutdown.o(.ARM.Collect$$libshutdown$$00000000) for __rt_lib_shutdown
    rtexit2.o(.ARM.Collect$$rtexit$$00000004) refers to sys_exit.o(.text) for _sys_exit
    rtexit2.o(.ARM.exidx) refers to rtexit2.o(.ARM.Collect$$rtexit$$00000001) for .ARM.Collect$$rtexit$$00000001
    rtexit2.o(.ARM.exidx) refers to rtexit2.o(.ARM.Collect$$rtexit$$00000003) for .ARM.Collect$$rtexit$$00000003
    rtexit2.o(.ARM.exidx) refers to rtexit2.o(.ARM.Collect$$rtexit$$00000004) for .ARM.Collect$$rtexit$$00000004
    __raise.o(.text) refers to defsig.o(CL$$defsig) for __default_signal_handler
    defsig_general.o(.text) refers to sys_wrch.o(.text) for _ttywrch
    argv_veneer.o(.emb_text) refers to no_argv.o(.text) for __ARM_get_argv
    sys_wrch.o(.text) refers (Special) to use_no_semi.o(.text) for __I$use$semihosting
    sys_wrch.o(.text) refers (Special) to indicate_semi.o(.text) for __semihosting_library_function
    sys_wrch_hlt.o(.text) refers (Special) to use_no_semi.o(.text) for __I$use$semihosting
    sys_wrch_hlt.o(.text) refers (Special) to indicate_semi.o(.text) for __semihosting_library_function
    defsig.o(CL$$defsig) refers to defsig_fpe_inner.o(.text) for __rt_SIGFPE_inner
    defsig.o(CL$$defsig) refers to defsig_rtmem_inner.o(.text) for __rt_SIGRTMEM_inner
    _get_argv_nomalloc.o(.text) refers (Special) to hrguard.o(.text) for __heap_region$guard
    _get_argv_nomalloc.o(.text) refers to defsig_rtmem_outer.o(.text) for __rt_SIGRTMEM
    _get_argv_nomalloc.o(.text) refers to sys_command.o(.text) for _sys_command_string
    libshutdown.o(.ARM.Collect$$libshutdown$$00000000) refers (Special) to libshutdown2.o(.ARM.Collect$$libshutdown$$00000002) for __rt_lib_shutdown_cpp_1
    libshutdown.o(.ARM.Collect$$libshutdown$$00000000) refers (Special) to libshutdown2.o(.ARM.Collect$$libshutdown$$00000007) for __rt_lib_shutdown_fp_trap_1
    libshutdown.o(.ARM.Collect$$libshutdown$$00000000) refers (Special) to libshutdown2.o(.ARM.Collect$$libshutdown$$0000000F) for __rt_lib_shutdown_heap_1
    libshutdown.o(.ARM.Collect$$libshutdown$$00000000) refers (Special) to libshutdown2.o(.ARM.Collect$$libshutdown$$00000010) for __rt_lib_shutdown_return
    libshutdown.o(.ARM.Collect$$libshutdown$$00000000) refers (Special) to libshutdown2.o(.ARM.Collect$$libshutdown$$0000000A) for __rt_lib_shutdown_signal_1
    libshutdown.o(.ARM.Collect$$libshutdown$$00000000) refers (Special) to libshutdown2.o(.ARM.Collect$$libshutdown$$00000004) for __rt_lib_shutdown_stdio_1
    libshutdown.o(.ARM.Collect$$libshutdown$$00000000) refers (Special) to libshutdown2.o(.ARM.Collect$$libshutdown$$0000000C) for __rt_lib_shutdown_user_alloc_1
    sys_command.o(.text) refers (Special) to use_no_semi.o(.text) for __I$use$semihosting
    sys_command.o(.text) refers (Special) to indicate_semi.o(.text) for __semihosting_library_function
    sys_command_hlt.o(.text) refers (Special) to use_no_semi.o(.text) for __I$use$semihosting
    sys_command_hlt.o(.text) refers (Special) to indicate_semi.o(.text) for __semihosting_library_function
    defsig_abrt_inner.o(.text) refers to defsig_general.o(.text) for __default_signal_display
    defsig_rtred_inner.o(.text) refers to defsig_general.o(.text) for __default_signal_display
    defsig_rtmem_inner.o(.text) refers to defsig_general.o(.text) for __default_signal_display
    defsig_rtmem_outer.o(.text) refers to defsig_rtmem_inner.o(.text) for __rt_SIGRTMEM_inner
    defsig_rtmem_outer.o(.text) refers to defsig_exit.o(.text) for __sig_exit
    defsig_rtmem_formal.o(.text) refers to rt_raise.o(.text) for __rt_raise
    defsig_stak_inner.o(.text) refers to defsig_general.o(.text) for __default_signal_display
    defsig_pvfn_inner.o(.text) refers to defsig_general.o(.text) for __default_signal_display
    defsig_cppl_inner.o(.text) refers to defsig_general.o(.text) for __default_signal_display
    defsig_segv_inner.o(.text) refers to defsig_general.o(.text) for __default_signal_display
    defsig_other.o(.text) refers to defsig_general.o(.text) for __default_signal_display


==============================================================================

Removing Unused input sections from the image.

    Removing main.o(.text), (0 bytes).
    Removing main.o(.text.delay), (88 bytes).
    Removing main.o(.ARM.exidx.text.delay), (8 bytes).
    Removing main.o(.text.delay2), (20 bytes).
    Removing main.o(.ARM.exidx.text.delay2), (8 bytes).
    Removing main.o(.ARM.exidx.text.SysTick_Handler), (8 bytes).
    Removing main.o(.ARM.exidx.text.main), (8 bytes).
    Removing main.o(.ARM.use_no_argv), (4 bytes).
    Removing buttons_open1768.o(.text), (0 bytes).
    Removing buttons_open1768.o(.text.Buttons_Initialize), (78 bytes).
    Removing buttons_open1768.o(.ARM.exidx.text.Buttons_Initialize), (8 bytes).
    Removing buttons_open1768.o(.text.Buttons_Uninitialize), (48 bytes).
    Removing buttons_open1768.o(.ARM.exidx.text.Buttons_Uninitialize), (8 bytes).
    Removing buttons_open1768.o(.text.Buttons_GetState), (58 bytes).
    Removing buttons_open1768.o(.ARM.exidx.text.Buttons_GetState), (8 bytes).
    Removing buttons_open1768.o(.text.Buttons_GetCount), (4 bytes).
    Removing buttons_open1768.o(.ARM.exidx.text.Buttons_GetCount), (8 bytes).
    Removing buttons_open1768.o(.rodata.cst4), (4 bytes).
    Removing joystick_open1768.o(.text), (0 bytes).
    Removing joystick_open1768.o(.text.Joystick_Initialize), (78 bytes).
    Removing joystick_open1768.o(.ARM.exidx.text.Joystick_Initialize), (8 bytes).
    Removing joystick_open1768.o(.text.Joystick_Uninitialize), (48 bytes).
    Removing joystick_open1768.o(.ARM.exidx.text.Joystick_Uninitialize), (8 bytes).
    Removing joystick_open1768.o(.text.Joystick_GetState), (92 bytes).
    Removing joystick_open1768.o(.ARM.exidx.text.Joystick_GetState), (8 bytes).
    Removing joystick_open1768.o(.rodata.JOYSTICK_PIN), (10 bytes).
    Removing led_open1768.o(.text), (0 bytes).
    Removing led_open1768.o(.ARM.exidx.text.LED_Initialize), (8 bytes).
    Removing led_open1768.o(.text.LED_Uninitialize), (48 bytes).
    Removing led_open1768.o(.ARM.exidx.text.LED_Uninitialize), (8 bytes).
    Removing led_open1768.o(.ARM.exidx.text.LED_On), (8 bytes).
    Removing led_open1768.o(.ARM.exidx.text.LED_Off), (8 bytes).
    Removing led_open1768.o(.text.LED_SetOut), (48 bytes).
    Removing led_open1768.o(.ARM.exidx.text.LED_SetOut), (8 bytes).
    Removing led_open1768.o(.text.LED_GetCount), (4 bytes).
    Removing led_open1768.o(.ARM.exidx.text.LED_GetCount), (8 bytes).
    Removing uart_lpc17xx.o(.text), (0 bytes).
    Removing uart_lpc17xx.o(.ARM.exidx.text.USART_SetBaudrate), (8 bytes).
    Removing uart_lpc17xx.o(.ARM.exidx.text.UART3_IRQHandler), (8 bytes).
    Removing uart_lpc17xx.o(.ARM.exidx.text.USART3_GPDMA_Tx_Event), (8 bytes).
    Removing uart_lpc17xx.o(.ARM.exidx.text.USART3_GPDMA_Rx_Event), (8 bytes).
    Removing uart_lpc17xx.o(.ARM.exidx.text.USARTx_GetVersion), (8 bytes).
    Removing uart_lpc17xx.o(.ARM.exidx.text.USART3_GetCapabilities), (8 bytes).
    Removing uart_lpc17xx.o(.ARM.exidx.text.USART3_Initialize), (8 bytes).
    Removing uart_lpc17xx.o(.ARM.exidx.text.USART3_Uninitialize), (8 bytes).
    Removing uart_lpc17xx.o(.ARM.exidx.text.USART3_PowerControl), (8 bytes).
    Removing uart_lpc17xx.o(.ARM.exidx.text.USART3_Send), (8 bytes).
    Removing uart_lpc17xx.o(.ARM.exidx.text.USART3_Receive), (8 bytes).
    Removing uart_lpc17xx.o(.ARM.exidx.text.USART3_Transfer), (8 bytes).
    Removing uart_lpc17xx.o(.ARM.exidx.text.USART3_GetTxCount), (8 bytes).
    Removing uart_lpc17xx.o(.ARM.exidx.text.USART3_GetRxCount), (8 bytes).
    Removing uart_lpc17xx.o(.ARM.exidx.text.USART3_Control), (8 bytes).
    Removing uart_lpc17xx.o(.ARM.exidx.text.USART3_GetStatus), (8 bytes).
    Removing uart_lpc17xx.o(.ARM.exidx.text.USART3_SetModemControl), (8 bytes).
    Removing uart_lpc17xx.o(.ARM.exidx.text.USART3_GetModemStatus), (8 bytes).
    Removing uart_lpc17xx.o(.ARM.exidx.text.USART_Send), (8 bytes).
    Removing uart_lpc17xx.o(.ARM.exidx.text.USART_Receive), (8 bytes).
    Removing gpdma_lpc17xx.o(.text), (0 bytes).
    Removing gpdma_lpc17xx.o(.ARM.exidx.text.GPDMA_Initialize), (8 bytes).
    Removing gpdma_lpc17xx.o(.ARM.exidx.text.GPDMA_Uninitialize), (8 bytes).
    Removing gpdma_lpc17xx.o(.ARM.exidx.text.GPDMA_PeripheralSelect), (8 bytes).
    Removing gpdma_lpc17xx.o(.ARM.exidx.text.GPDMA_ChannelConfigure), (8 bytes).
    Removing gpdma_lpc17xx.o(.text.GPDMA_ChannelEnable), (80 bytes).
    Removing gpdma_lpc17xx.o(.ARM.exidx.text.GPDMA_ChannelEnable), (8 bytes).
    Removing gpdma_lpc17xx.o(.ARM.exidx.text.GPDMA_ChannelDisable), (8 bytes).
    Removing gpdma_lpc17xx.o(.text.GPDMA_ChannelGetStatus), (28 bytes).
    Removing gpdma_lpc17xx.o(.ARM.exidx.text.GPDMA_ChannelGetStatus), (8 bytes).
    Removing gpdma_lpc17xx.o(.ARM.exidx.text.GPDMA_ChannelGetCount), (8 bytes).
    Removing gpdma_lpc17xx.o(.ARM.exidx.text.DMA_IRQHandler), (8 bytes).
    Removing gpio_lpc17xx.o(.text), (0 bytes).
    Removing gpio_lpc17xx.o(.ARM.exidx.text.GPIO_PortClock), (8 bytes).
    Removing gpio_lpc17xx.o(.ARM.exidx.text.GPIO_SetDir), (8 bytes).
    Removing gpio_lpc17xx.o(.ARM.exidx.text.GPIO_PinWrite), (8 bytes).
    Removing gpio_lpc17xx.o(.text.GPIO_PinRead), (20 bytes).
    Removing gpio_lpc17xx.o(.ARM.exidx.text.GPIO_PinRead), (8 bytes).
    Removing gpio_lpc17xx.o(.text.GPIO_PortWrite), (20 bytes).
    Removing gpio_lpc17xx.o(.ARM.exidx.text.GPIO_PortWrite), (8 bytes).
    Removing gpio_lpc17xx.o(.text.GPIO_PortRead), (14 bytes).
    Removing gpio_lpc17xx.o(.ARM.exidx.text.GPIO_PortRead), (8 bytes).
    Removing pin_lpc17xx.o(.text), (0 bytes).
    Removing pin_lpc17xx.o(.ARM.exidx.text.PIN_Configure), (8 bytes).
    Removing pin_lpc17xx.o(.text.PIN_ConfigureTPIU), (24 bytes).
    Removing pin_lpc17xx.o(.ARM.exidx.text.PIN_ConfigureTPIU), (8 bytes).
    Removing pin_lpc17xx.o(.text.PIN_ConfigureI2C0Pins), (30 bytes).
    Removing pin_lpc17xx.o(.ARM.exidx.text.PIN_ConfigureI2C0Pins), (8 bytes).
    Removing system_lpc17xx.o(.text), (0 bytes).
    Removing system_lpc17xx.o(.text.SystemCoreClockUpdate), (248 bytes).
    Removing system_lpc17xx.o(.ARM.exidx.text.SystemCoreClockUpdate), (8 bytes).
    Removing system_lpc17xx.o(.ARM.exidx.text.SystemInit), (8 bytes).

89 unused section(s) (total 1552 bytes) removed from the image.

==============================================================================

Image Symbol Table

    Local Symbols

    Symbol Name                              Value     Ov Type        Size  Object(Section)

    ../clib/angel/boardlib.s                 0x00000000   Number         0  boardinit1.o ABSOLUTE
    ../clib/angel/boardlib.s                 0x00000000   Number         0  boardinit2.o ABSOLUTE
    ../clib/angel/boardlib.s                 0x00000000   Number         0  boardinit3.o ABSOLUTE
    ../clib/angel/boardlib.s                 0x00000000   Number         0  boardshut.o ABSOLUTE
    ../clib/angel/handlers.s                 0x00000000   Number         0  __scatter_copy.o ABSOLUTE
    ../clib/angel/handlers.s                 0x00000000   Number         0  __scatter_zi.o ABSOLUTE
    ../clib/angel/kernel.s                   0x00000000   Number         0  __rtentry.o ABSOLUTE
    ../clib/angel/kernel.s                   0x00000000   Number         0  __rtentry2.o ABSOLUTE
    ../clib/angel/kernel.s                   0x00000000   Number         0  __rtentry4.o ABSOLUTE
    ../clib/angel/kernel.s                   0x00000000   Number         0  rtexit.o ABSOLUTE
    ../clib/angel/kernel.s                   0x00000000   Number         0  rtexit2.o ABSOLUTE
    ../clib/angel/rt.s                       0x00000000   Number         0  aeabi_ldiv0.o ABSOLUTE
    ../clib/angel/rt.s                       0x00000000   Number         0  aeabi_ldiv0_sigfpe.o ABSOLUTE
    ../clib/angel/rt.s                       0x00000000   Number         0  rt_div0.o ABSOLUTE
    ../clib/angel/rt.s                       0x00000000   Number         0  rt_raise.o ABSOLUTE
    ../clib/angel/scatter.s                  0x00000000   Number         0  __scatter.o ABSOLUTE
    ../clib/angel/startup.s                  0x00000000   Number         0  __main.o ABSOLUTE
    ../clib/angel/sys.s                      0x00000000   Number         0  sys_stackheap_outer.o ABSOLUTE
    ../clib/angel/sys.s                      0x00000000   Number         0  libspace.o ABSOLUTE
    ../clib/angel/sys.s                      0x00000000   Number         0  use_no_semi.o ABSOLUTE
    ../clib/angel/sys.s                      0x00000000   Number         0  indicate_semi.o ABSOLUTE
    ../clib/angel/sysapp.c                   0x00000000   Number         0  sys_exit.o ABSOLUTE
    ../clib/angel/sysapp.c                   0x00000000   Number         0  sys_exit_hlt.o ABSOLUTE
    ../clib/angel/sysapp.c                   0x00000000   Number         0  sys_wrch.o ABSOLUTE
    ../clib/angel/sysapp.c                   0x00000000   Number         0  sys_wrch_hlt.o ABSOLUTE
    ../clib/angel/sysapp.c                   0x00000000   Number         0  sys_command.o ABSOLUTE
    ../clib/angel/sysapp.c                   0x00000000   Number         0  sys_command_hlt.o ABSOLUTE
    ../clib/armsys.c                         0x00000000   Number         0  argv_veneer.o ABSOLUTE
    ../clib/armsys.c                         0x00000000   Number         0  argv_veneer.o ABSOLUTE
    ../clib/armsys.c                         0x00000000   Number         0  _get_argv_nomalloc.o ABSOLUTE
    ../clib/armsys.c                         0x00000000   Number         0  no_argv.o ABSOLUTE
    ../clib/heapalloc.c                      0x00000000   Number         0  hrguard.o ABSOLUTE
    ../clib/heapaux.c                        0x00000000   Number         0  heapauxi.o ABSOLUTE
    ../clib/libinit.s                        0x00000000   Number         0  libinit.o ABSOLUTE
    ../clib/libinit.s                        0x00000000   Number         0  libinit2.o ABSOLUTE
    ../clib/libinit.s                        0x00000000   Number         0  libshutdown.o ABSOLUTE
    ../clib/libinit.s                        0x00000000   Number         0  libshutdown2.o ABSOLUTE
    ../clib/longlong.s                       0x00000000   Number         0  lludivv7m.o ABSOLUTE
    ../clib/signal.c                         0x00000000   Number         0  defsig_fpe_outer.o ABSOLUTE
    ../clib/signal.c                         0x00000000   Number         0  defsig_fpe_formal.o ABSOLUTE
    ../clib/signal.c                         0x00000000   Number         0  defsig_exit.o ABSOLUTE
    ../clib/signal.c                         0x00000000   Number         0  defsig_fpe_inner.o ABSOLUTE
    ../clib/signal.c                         0x00000000   Number         0  __raise.o ABSOLUTE
    ../clib/signal.c                         0x00000000   Number         0  defsig_general.o ABSOLUTE
    ../clib/signal.c                         0x00000000   Number         0  defsig_abrt_inner.o ABSOLUTE
    ../clib/signal.c                         0x00000000   Number         0  defsig_rtred_inner.o ABSOLUTE
    ../clib/signal.c                         0x00000000   Number         0  defsig_rtmem_inner.o ABSOLUTE
    ../clib/signal.c                         0x00000000   Number         0  defsig_rtmem_outer.o ABSOLUTE
    ../clib/signal.c                         0x00000000   Number         0  defsig_rtmem_formal.o ABSOLUTE
    ../clib/signal.c                         0x00000000   Number         0  defsig_stak_inner.o ABSOLUTE
    ../clib/signal.c                         0x00000000   Number         0  defsig_pvfn_inner.o ABSOLUTE
    ../clib/signal.c                         0x00000000   Number         0  defsig_cppl_inner.o ABSOLUTE
    ../clib/signal.c                         0x00000000   Number         0  defsig_segv_inner.o ABSOLUTE
    ../clib/signal.c                         0x00000000   Number         0  defsig_other.o ABSOLUTE
    ../clib/signal.s                         0x00000000   Number         0  defsig.o ABSOLUTE
    ../clib/stdlib.c                         0x00000000   Number         0  exit.o ABSOLUTE
    ../fplib/fpinit.s                        0x00000000   Number         0  fpinit.o ABSOLUTE
    ../fplib/fpinit_empty.s                  0x00000000   Number         0  fpinit_empty.o ABSOLUTE
    Buttons_Open1768.c                       0x00000000   Number         0  buttons_open1768.o ABSOLUTE
    GPDMA_LPC17xx.c                          0x00000000   Number         0  gpdma_lpc17xx.o ABSOLUTE
    GPIO_LPC17xx.c                           0x00000000   Number         0  gpio_lpc17xx.o ABSOLUTE
    Joystick_Open1768.c                      0x00000000   Number         0  joystick_open1768.o ABSOLUTE
    LED_Open1768.c                           0x00000000   Number         0  led_open1768.o ABSOLUTE
    PIN_LPC17xx.c                            0x00000000   Number         0  pin_lpc17xx.o ABSOLUTE
    RTE/Device/LPC1768/startup_LPC17xx.s     0x00000000   Number         0  startup_lpc17xx.o ABSOLUTE
    UART_LPC17xx.c                           0x00000000   Number         0  uart_lpc17xx.o ABSOLUTE
    dc.s                                     0x00000000   Number         0  dc.o ABSOLUTE
    main.c                                   0x00000000   Number         0  main.o ABSOLUTE
    system_LPC17xx.c                         0x00000000   Number         0  system_lpc17xx.o ABSOLUTE
    RESET                                    0x00000000   Section      204  startup_lpc17xx.o(RESET)
    !!!main                                  0x000000cc   Section        8  __main.o(!!!main)
    !!!scatter                               0x000000d4   Section       52  __scatter.o(!!!scatter)
    !!handler_copy                           0x00000108   Section       26  __scatter_copy.o(!!handler_copy)
    !!handler_zi                             0x00000124   Section       28  __scatter_zi.o(!!handler_zi)
    .ARM.Collect$$libinit$$00000000          0x00000140   Section        2  libinit.o(.ARM.Collect$$libinit$$00000000)
    .ARM.Collect$$libinit$$00000002          0x00000142   Section        0  libinit2.o(.ARM.Collect$$libinit$$00000002)
    .ARM.Collect$$libinit$$00000004          0x00000142   Section        0  libinit2.o(.ARM.Collect$$libinit$$00000004)
    .ARM.Collect$$libinit$$00000006          0x00000142   Section        0  libinit2.o(.ARM.Collect$$libinit$$00000006)
    .ARM.Collect$$libinit$$0000000C          0x00000142   Section        0  libinit2.o(.ARM.Collect$$libinit$$0000000C)
    .ARM.Collect$$libinit$$0000000E          0x00000142   Section        0  libinit2.o(.ARM.Collect$$libinit$$0000000E)
    .ARM.Collect$$libinit$$00000010          0x00000142   Section        0  libinit2.o(.ARM.Collect$$libinit$$00000010)
    .ARM.Collect$$libinit$$00000013          0x00000142   Section        0  libinit2.o(.ARM.Collect$$libinit$$00000013)
    .ARM.Collect$$libinit$$00000015          0x00000142   Section        0  libinit2.o(.ARM.Collect$$libinit$$00000015)
    .ARM.Collect$$libinit$$00000017          0x00000142   Section        0  libinit2.o(.ARM.Collect$$libinit$$00000017)
    .ARM.Collect$$libinit$$00000019          0x00000142   Section        0  libinit2.o(.ARM.Collect$$libinit$$00000019)
    .ARM.Collect$$libinit$$0000001B          0x00000142   Section        0  libinit2.o(.ARM.Collect$$libinit$$0000001B)
    .ARM.Collect$$libinit$$0000001D          0x00000142   Section        0  libinit2.o(.ARM.Collect$$libinit$$0000001D)
    .ARM.Collect$$libinit$$0000001F          0x00000142   Section        0  libinit2.o(.ARM.Collect$$libinit$$0000001F)
    .ARM.Collect$$libinit$$00000021          0x00000142   Section        0  libinit2.o(.ARM.Collect$$libinit$$00000021)
    .ARM.Collect$$libinit$$00000023          0x00000142   Section        0  libinit2.o(.ARM.Collect$$libinit$$00000023)
    .ARM.Collect$$libinit$$00000025          0x00000142   Section        0  libinit2.o(.ARM.Collect$$libinit$$00000025)
    .ARM.Collect$$libinit$$00000027          0x00000142   Section        0  libinit2.o(.ARM.Collect$$libinit$$00000027)
    .ARM.Collect$$libinit$$0000002E          0x00000142   Section        0  libinit2.o(.ARM.Collect$$libinit$$0000002E)
    .ARM.Collect$$libinit$$00000030          0x00000142   Section        0  libinit2.o(.ARM.Collect$$libinit$$00000030)
    .ARM.Collect$$libinit$$00000032          0x00000142   Section        0  libinit2.o(.ARM.Collect$$libinit$$00000032)
    .ARM.Collect$$libinit$$00000034          0x00000142   Section        0  libinit2.o(.ARM.Collect$$libinit$$00000034)
    .ARM.Collect$$libinit$$00000035          0x00000142   Section        2  libinit2.o(.ARM.Collect$$libinit$$00000035)
    .ARM.Collect$$libshutdown$$00000000      0x00000144   Section        2  libshutdown.o(.ARM.Collect$$libshutdown$$00000000)
    .ARM.Collect$$libshutdown$$00000002      0x00000146   Section        0  libshutdown2.o(.ARM.Collect$$libshutdown$$00000002)
    .ARM.Collect$$libshutdown$$00000004      0x00000146   Section        0  libshutdown2.o(.ARM.Collect$$libshutdown$$00000004)
    .ARM.Collect$$libshutdown$$00000007      0x00000146   Section        0  libshutdown2.o(.ARM.Collect$$libshutdown$$00000007)
    .ARM.Collect$$libshutdown$$0000000A      0x00000146   Section        0  libshutdown2.o(.ARM.Collect$$libshutdown$$0000000A)
    .ARM.Collect$$libshutdown$$0000000C      0x00000146   Section        0  libshutdown2.o(.ARM.Collect$$libshutdown$$0000000C)
    .ARM.Collect$$libshutdown$$0000000F      0x00000146   Section        0  libshutdown2.o(.ARM.Collect$$libshutdown$$0000000F)
    .ARM.Collect$$libshutdown$$00000010      0x00000146   Section        2  libshutdown2.o(.ARM.Collect$$libshutdown$$00000010)
    .ARM.Collect$$rtentry$$00000000          0x00000148   Section        0  __rtentry.o(.ARM.Collect$$rtentry$$00000000)
    .ARM.Collect$$rtentry$$00000002          0x00000148   Section        0  __rtentry2.o(.ARM.Collect$$rtentry$$00000002)
    .ARM.Collect$$rtentry$$00000004          0x00000148   Section        6  __rtentry4.o(.ARM.Collect$$rtentry$$00000004)
    .ARM.Collect$$rtentry$$00000009          0x0000014e   Section        0  __rtentry2.o(.ARM.Collect$$rtentry$$00000009)
    .ARM.Collect$$rtentry$$0000000A          0x0000014e   Section        4  __rtentry2.o(.ARM.Collect$$rtentry$$0000000A)
    .ARM.Collect$$rtentry$$0000000C          0x00000152   Section        0  __rtentry2.o(.ARM.Collect$$rtentry$$0000000C)
    .ARM.Collect$$rtentry$$0000000D          0x00000152   Section        8  __rtentry2.o(.ARM.Collect$$rtentry$$0000000D)
    .ARM.Collect$$rtexit$$00000000           0x0000015a   Section        2  rtexit.o(.ARM.Collect$$rtexit$$00000000)
    .ARM.Collect$$rtexit$$00000002           0x0000015c   Section        0  rtexit2.o(.ARM.Collect$$rtexit$$00000002)
    .ARM.Collect$$rtexit$$00000003           0x0000015c   Section        4  rtexit2.o(.ARM.Collect$$rtexit$$00000003)
    .ARM.Collect$$rtexit$$00000004           0x00000160   Section        6  rtexit2.o(.ARM.Collect$$rtexit$$00000004)
    .text                                    0x00000168   Section       60  startup_lpc17xx.o(.text)
    .text                                    0x000001a4   Section      240  lludivv7m.o(.text)
    .text                                    0x00000294   Section        0  heapauxi.o(.text)
    .text                                    0x0000029a   Section       74  sys_stackheap_outer.o(.text)
    .text                                    0x000002e4   Section        0  exit.o(.text)
    .text                                    0x000002f6   Section        2  use_no_semi.o(.text)
    USART3_GetCapabilities                   0x000002f9   Thumb Code     4  uart_lpc17xx.o(.text.USART3_GetCapabilities)
    [Anonymous Symbol]                       0x000002f8   Section        0  uart_lpc17xx.o(.text.USART3_GetCapabilities)
    .text                                    0x000002f8   Section        0  indicate_semi.o(.text)
    .ARM.__at_0x02FC                         0x000002fc   Section        4  startup_lpc17xx.o(.ARM.__at_0x02FC)
    .text                                    0x00000300   Section        8  libspace.o(.text)
    .text                                    0x00000308   Section        0  sys_exit.o(.text)
    [Anonymous Symbol]                       0x00000314   Section        0  gpdma_lpc17xx.o(.text.DMA_IRQHandler)
    [Anonymous Symbol]                       0x00000420   Section        0  gpdma_lpc17xx.o(.text.GPDMA_ChannelConfigure)
    [Anonymous Symbol]                       0x00000518   Section        0  gpdma_lpc17xx.o(.text.GPDMA_ChannelDisable)
    [Anonymous Symbol]                       0x0000055c   Section        0  gpdma_lpc17xx.o(.text.GPDMA_ChannelGetCount)
    [Anonymous Symbol]                       0x0000058c   Section        0  gpdma_lpc17xx.o(.text.GPDMA_Initialize)
    [Anonymous Symbol]                       0x000005fc   Section        0  gpdma_lpc17xx.o(.text.GPDMA_PeripheralSelect)
    [Anonymous Symbol]                       0x00000638   Section        0  gpdma_lpc17xx.o(.text.GPDMA_Uninitialize)
    [Anonymous Symbol]                       0x00000684   Section        0  gpio_lpc17xx.o(.text.GPIO_PinWrite)
    [Anonymous Symbol]                       0x000006a0   Section        0  gpio_lpc17xx.o(.text.GPIO_PortClock)
    [Anonymous Symbol]                       0x000006bc   Section        0  gpio_lpc17xx.o(.text.GPIO_SetDir)
    [Anonymous Symbol]                       0x000006e0   Section        0  led_open1768.o(.text.LED_Initialize)
    [Anonymous Symbol]                       0x00000738   Section        0  led_open1768.o(.text.LED_Off)
    [Anonymous Symbol]                       0x00000760   Section        0  led_open1768.o(.text.LED_On)
    [Anonymous Symbol]                       0x0000078c   Section        0  pin_lpc17xx.o(.text.PIN_Configure)
    [Anonymous Symbol]                       0x00000800   Section        0  main.o(.text.SysTick_Handler)
    [Anonymous Symbol]                       0x00000810   Section        0  system_lpc17xx.o(.text.SystemInit)
    [Anonymous Symbol]                       0x000008dc   Section        0  uart_lpc17xx.o(.text.UART3_IRQHandler)
    USART3_Control                           0x00000af9   Thumb Code   816  uart_lpc17xx.o(.text.USART3_Control)
    [Anonymous Symbol]                       0x00000af8   Section        0  uart_lpc17xx.o(.text.USART3_Control)
    [Anonymous Symbol]                       0x00000e48   Section        0  uart_lpc17xx.o(.text.USART3_GPDMA_Rx_Event)
    [Anonymous Symbol]                       0x00000e9c   Section        0  uart_lpc17xx.o(.text.USART3_GPDMA_Tx_Event)
    USART3_GetModemStatus                    0x00000ecd   Thumb Code     4  uart_lpc17xx.o(.text.USART3_GetModemStatus)
    [Anonymous Symbol]                       0x00000ecc   Section        0  uart_lpc17xx.o(.text.USART3_GetModemStatus)
    USART3_GetRxCount                        0x00000ed1   Thumb Code     6  uart_lpc17xx.o(.text.USART3_GetRxCount)
    [Anonymous Symbol]                       0x00000ed0   Section        0  uart_lpc17xx.o(.text.USART3_GetRxCount)
    USART3_GetStatus                         0x00000ed9   Thumb Code    82  uart_lpc17xx.o(.text.USART3_GetStatus)
    [Anonymous Symbol]                       0x00000ed8   Section        0  uart_lpc17xx.o(.text.USART3_GetStatus)
    USART3_GetTxCount                        0x00000f2d   Thumb Code     6  uart_lpc17xx.o(.text.USART3_GetTxCount)
    [Anonymous Symbol]                       0x00000f2c   Section        0  uart_lpc17xx.o(.text.USART3_GetTxCount)
    USART3_Initialize                        0x00000f35   Thumb Code    48  uart_lpc17xx.o(.text.USART3_Initialize)
    [Anonymous Symbol]                       0x00000f34   Section        0  uart_lpc17xx.o(.text.USART3_Initialize)
    USART3_PowerControl                      0x00000f65   Thumb Code   348  uart_lpc17xx.o(.text.USART3_PowerControl)
    [Anonymous Symbol]                       0x00000f64   Section        0  uart_lpc17xx.o(.text.USART3_PowerControl)
    USART3_Receive                           0x000010c1   Thumb Code     4  uart_lpc17xx.o(.text.USART3_Receive)
    [Anonymous Symbol]                       0x000010c0   Section        0  uart_lpc17xx.o(.text.USART3_Receive)
    USART3_Send                              0x000010c5   Thumb Code     4  uart_lpc17xx.o(.text.USART3_Send)
    [Anonymous Symbol]                       0x000010c4   Section        0  uart_lpc17xx.o(.text.USART3_Send)
    USART3_SetModemControl                   0x000010c9   Thumb Code    26  uart_lpc17xx.o(.text.USART3_SetModemControl)
    [Anonymous Symbol]                       0x000010c8   Section        0  uart_lpc17xx.o(.text.USART3_SetModemControl)
    USART3_Transfer                          0x000010e5   Thumb Code    90  uart_lpc17xx.o(.text.USART3_Transfer)
    [Anonymous Symbol]                       0x000010e4   Section        0  uart_lpc17xx.o(.text.USART3_Transfer)
    USART3_Uninitialize                      0x00001141   Thumb Code    24  uart_lpc17xx.o(.text.USART3_Uninitialize)
    [Anonymous Symbol]                       0x00001140   Section        0  uart_lpc17xx.o(.text.USART3_Uninitialize)
    USART_Receive                            0x00001159   Thumb Code   206  uart_lpc17xx.o(.text.USART_Receive)
    [Anonymous Symbol]                       0x00001158   Section        0  uart_lpc17xx.o(.text.USART_Receive)
    USART_Send                               0x00001229   Thumb Code   178  uart_lpc17xx.o(.text.USART_Send)
    [Anonymous Symbol]                       0x00001228   Section        0  uart_lpc17xx.o(.text.USART_Send)
    [Anonymous Symbol]                       0x000012dc   Section        0  uart_lpc17xx.o(.text.USART_SetBaudrate)
    USARTx_GetVersion                        0x000013fd   Thumb Code    10  uart_lpc17xx.o(.text.USARTx_GetVersion)
    [Anonymous Symbol]                       0x000013fc   Section        0  uart_lpc17xx.o(.text.USARTx_GetVersion)
    [Anonymous Symbol]                       0x00001408   Section        0  main.o(.text.main)
    USART3_DMA_Rx                            0x000014e8   Data           8  uart_lpc17xx.o(.rodata.USART3_DMA_Rx)
    [Anonymous Symbol]                       0x000014e8   Section        0  uart_lpc17xx.o(.rodata.USART3_DMA_Rx)
    USART3_DMA_Tx                            0x000014f0   Data           8  uart_lpc17xx.o(.rodata.USART3_DMA_Tx)
    [Anonymous Symbol]                       0x000014f0   Section        0  uart_lpc17xx.o(.rodata.USART3_DMA_Tx)
    USART3_Resources                         0x000014f8   Data         100  uart_lpc17xx.o(.rodata.USART3_Resources)
    [Anonymous Symbol]                       0x000014f8   Section        0  uart_lpc17xx.o(.rodata.USART3_Resources)
    LED_PIN                                  0x0000155c   Data          16  led_open1768.o(.rodata.cst16)
    [Anonymous Symbol]                       0x0000155c   Section        0  led_open1768.o(.rodata.cst16)
    .Lswitch.table.USART3_Control            0x0000156c   Data          16  uart_lpc17xx.o(.rodata.cst16)
    fract_div_lookup_table                   0x0000157c   Data         288  uart_lpc17xx.o(.rodata.fract_div_lookup_table)
    [Anonymous Symbol]                       0x0000157c   Section        0  uart_lpc17xx.o(.rodata.fract_div_lookup_table)
    Stack_Mem                                0x10000000   Data         512  startup_lpc17xx.o(STACK)
    STACK                                    0x10000000   Section      512  startup_lpc17xx.o(STACK)
    __initial_sp                             0x10000200   Data           0  startup_lpc17xx.o(STACK)
    .bss                                     0x2007c008   Section       96  libspace.o(.bss)
    Channel_active                           0x2007c068   Data           4  gpdma_lpc17xx.o(.bss.Channel_active)
    [Anonymous Symbol]                       0x2007c068   Section        0  gpdma_lpc17xx.o(.bss.Channel_active)
    Channel_info                             0x2007c06c   Data         160  gpdma_lpc17xx.o(.bss.Channel_info)
    [Anonymous Symbol]                       0x2007c06c   Section        0  gpdma_lpc17xx.o(.bss.Channel_info)
    Init_cnt                                 0x2007c10c   Data           4  gpdma_lpc17xx.o(.bss.Init_cnt)
    [Anonymous Symbol]                       0x2007c10c   Section        0  gpdma_lpc17xx.o(.bss.Init_cnt)
    USART3_Info                              0x2007c110   Data          52  uart_lpc17xx.o(.bss.USART3_Info)
    [Anonymous Symbol]                       0x2007c110   Section        0  uart_lpc17xx.o(.bss.USART3_Info)
    Heap_Mem                                 0x2007c148   Data           0  startup_lpc17xx.o(HEAP)
    HEAP                                     0x2007c148   Section        0  startup_lpc17xx.o(HEAP)

    Global Symbols

    Symbol Name                              Value     Ov Type        Size  Object(Section)

    BuildAttributes$$THM_ISAv4$P$D$K$B$S$PE$A:L22UL41UL21$X:L11$S22US41US21$IEEE1$IW$~IW$USESV6$~STKCKD$USESV7$~SHL$OTIME$ROPI$EBA8$UX$STANDARDLIB$REQ8$PRES8$EABIv2 0x00000000   Number         0  anon$$obj.o ABSOLUTE
    __Vectors                                0x00000000   Data           4  startup_lpc17xx.o(RESET)
    __fp_init_empty                          0x00000000   Number         0  fpinit_empty.o ABSOLUTE
    __ARM_exceptions_init                     - Undefined Weak Reference
    __alloca_initialize                       - Undefined Weak Reference
    __arm_preinit_                            - Undefined Weak Reference
    __arm_relocate_pie_                       - Undefined Weak Reference
    __cpp_initialize__aeabi_                  - Undefined Weak Reference
    __cxa_finalize                            - Undefined Weak Reference
    __rt_locale                               - Undefined Weak Reference
    __sigvec_lookup                           - Undefined Weak Reference
    _atexit_init                              - Undefined Weak Reference
    _call_atexit_fns                          - Undefined Weak Reference
    _clock_init                               - Undefined Weak Reference
    _fp_trap_init                             - Undefined Weak Reference
    _fp_trap_shutdown                         - Undefined Weak Reference
    _get_lc_collate                           - Undefined Weak Reference
    _get_lc_ctype                             - Undefined Weak Reference
    _get_lc_monetary                          - Undefined Weak Reference
    _get_lc_numeric                           - Undefined Weak Reference
    _get_lc_time                              - Undefined Weak Reference
    _getenv_init                              - Undefined Weak Reference
    _handle_redirection                       - Undefined Weak Reference
    _init_alloc                               - Undefined Weak Reference
    _init_user_alloc                          - Undefined Weak Reference
    _initio                                   - Undefined Weak Reference
    _rand_init                                - Undefined Weak Reference
    _signal_finish                            - Undefined Weak Reference
    _signal_init                              - Undefined Weak Reference
    _terminate_alloc                          - Undefined Weak Reference
    _terminate_user_alloc                     - Undefined Weak Reference
    _terminateio                              - Undefined Weak Reference
    __main                                   0x000000cd   Thumb Code     8  __main.o(!!!main)
    __scatterload                            0x000000d5   Thumb Code     0  __scatter.o(!!!scatter)
    __scatterload_rt2                        0x000000d5   Thumb Code    44  __scatter.o(!!!scatter)
    __scatterload_rt2_thumb_only             0x000000d5   Thumb Code     0  __scatter.o(!!!scatter)
    __scatterload_null                       0x000000e3   Thumb Code     0  __scatter.o(!!!scatter)
    __scatterload_copy                       0x00000109   Thumb Code    26  __scatter_copy.o(!!handler_copy)
    __scatterload_zeroinit                   0x00000125   Thumb Code    28  __scatter_zi.o(!!handler_zi)
    __rt_lib_init                            0x00000141   Thumb Code     0  libinit.o(.ARM.Collect$$libinit$$00000000)
    __rt_lib_init_alloca_1                   0x00000143   Thumb Code     0  libinit2.o(.ARM.Collect$$libinit$$00000030)
    __rt_lib_init_argv_1                     0x00000143   Thumb Code     0  libinit2.o(.ARM.Collect$$libinit$$0000002E)
    __rt_lib_init_atexit_1                   0x00000143   Thumb Code     0  libinit2.o(.ARM.Collect$$libinit$$0000001D)
    __rt_lib_init_clock_1                    0x00000143   Thumb Code     0  libinit2.o(.ARM.Collect$$libinit$$00000023)
    __rt_lib_init_cpp_1                      0x00000143   Thumb Code     0  libinit2.o(.ARM.Collect$$libinit$$00000034)
    __rt_lib_init_exceptions_1               0x00000143   Thumb Code     0  libinit2.o(.ARM.Collect$$libinit$$00000032)
    __rt_lib_init_fp_1                       0x00000143   Thumb Code     0  libinit2.o(.ARM.Collect$$libinit$$00000002)
    __rt_lib_init_fp_trap_1                  0x00000143   Thumb Code     0  libinit2.o(.ARM.Collect$$libinit$$00000021)
    __rt_lib_init_getenv_1                   0x00000143   Thumb Code     0  libinit2.o(.ARM.Collect$$libinit$$00000025)
    __rt_lib_init_heap_1                     0x00000143   Thumb Code     0  libinit2.o(.ARM.Collect$$libinit$$0000000C)
    __rt_lib_init_lc_collate_1               0x00000143   Thumb Code     0  libinit2.o(.ARM.Collect$$libinit$$00000013)
    __rt_lib_init_lc_ctype_1                 0x00000143   Thumb Code     0  libinit2.o(.ARM.Collect$$libinit$$00000015)
    __rt_lib_init_lc_monetary_1              0x00000143   Thumb Code     0  libinit2.o(.ARM.Collect$$libinit$$00000017)
    __rt_lib_init_lc_numeric_1               0x00000143   Thumb Code     0  libinit2.o(.ARM.Collect$$libinit$$00000019)
    __rt_lib_init_lc_time_1                  0x00000143   Thumb Code     0  libinit2.o(.ARM.Collect$$libinit$$0000001B)
    __rt_lib_init_preinit_1                  0x00000143   Thumb Code     0  libinit2.o(.ARM.Collect$$libinit$$00000006)
    __rt_lib_init_rand_1                     0x00000143   Thumb Code     0  libinit2.o(.ARM.Collect$$libinit$$00000010)
    __rt_lib_init_relocate_pie_1             0x00000143   Thumb Code     0  libinit2.o(.ARM.Collect$$libinit$$00000004)
    __rt_lib_init_return                     0x00000143   Thumb Code     0  libinit2.o(.ARM.Collect$$libinit$$00000035)
    __rt_lib_init_signal_1                   0x00000143   Thumb Code     0  libinit2.o(.ARM.Collect$$libinit$$0000001F)
    __rt_lib_init_stdio_1                    0x00000143   Thumb Code     0  libinit2.o(.ARM.Collect$$libinit$$00000027)
    __rt_lib_init_user_alloc_1               0x00000143   Thumb Code     0  libinit2.o(.ARM.Collect$$libinit$$0000000E)
    __rt_lib_shutdown                        0x00000145   Thumb Code     0  libshutdown.o(.ARM.Collect$$libshutdown$$00000000)
    __rt_lib_shutdown_cpp_1                  0x00000147   Thumb Code     0  libshutdown2.o(.ARM.Collect$$libshutdown$$00000002)
    __rt_lib_shutdown_fp_trap_1              0x00000147   Thumb Code     0  libshutdown2.o(.ARM.Collect$$libshutdown$$00000007)
    __rt_lib_shutdown_heap_1                 0x00000147   Thumb Code     0  libshutdown2.o(.ARM.Collect$$libshutdown$$0000000F)
    __rt_lib_shutdown_return                 0x00000147   Thumb Code     0  libshutdown2.o(.ARM.Collect$$libshutdown$$00000010)
    __rt_lib_shutdown_signal_1               0x00000147   Thumb Code     0  libshutdown2.o(.ARM.Collect$$libshutdown$$0000000A)
    __rt_lib_shutdown_stdio_1                0x00000147   Thumb Code     0  libshutdown2.o(.ARM.Collect$$libshutdown$$00000004)
    __rt_lib_shutdown_user_alloc_1           0x00000147   Thumb Code     0  libshutdown2.o(.ARM.Collect$$libshutdown$$0000000C)
    __rt_entry                               0x00000149   Thumb Code     0  __rtentry.o(.ARM.Collect$$rtentry$$00000000)
    __rt_entry_presh_1                       0x00000149   Thumb Code     0  __rtentry2.o(.ARM.Collect$$rtentry$$00000002)
    __rt_entry_sh                            0x00000149   Thumb Code     0  __rtentry4.o(.ARM.Collect$$rtentry$$00000004)
    __rt_entry_li                            0x0000014f   Thumb Code     0  __rtentry2.o(.ARM.Collect$$rtentry$$0000000A)
    __rt_entry_postsh_1                      0x0000014f   Thumb Code     0  __rtentry2.o(.ARM.Collect$$rtentry$$00000009)
    __rt_entry_main                          0x00000153   Thumb Code     0  __rtentry2.o(.ARM.Collect$$rtentry$$0000000D)
    __rt_entry_postli_1                      0x00000153   Thumb Code     0  __rtentry2.o(.ARM.Collect$$rtentry$$0000000C)
    __rt_exit                                0x0000015b   Thumb Code     0  rtexit.o(.ARM.Collect$$rtexit$$00000000)
    __rt_exit_ls                             0x0000015d   Thumb Code     0  rtexit2.o(.ARM.Collect$$rtexit$$00000003)
    __rt_exit_prels_1                        0x0000015d   Thumb Code     0  rtexit2.o(.ARM.Collect$$rtexit$$00000002)
    __rt_exit_exit                           0x00000161   Thumb Code     0  rtexit2.o(.ARM.Collect$$rtexit$$00000004)
    Reset_Handler                            0x00000169   Thumb Code     8  startup_lpc17xx.o(.text)
    NMI_Handler                              0x00000171   Thumb Code     2  startup_lpc17xx.o(.text)
    HardFault_Handler                        0x00000173   Thumb Code     2  startup_lpc17xx.o(.text)
    MemManage_Handler                        0x00000175   Thumb Code     2  startup_lpc17xx.o(.text)
    BusFault_Handler                         0x00000177   Thumb Code     2  startup_lpc17xx.o(.text)
    UsageFault_Handler                       0x00000179   Thumb Code     2  startup_lpc17xx.o(.text)
    SVC_Handler                              0x0000017b   Thumb Code     2  startup_lpc17xx.o(.text)
    DebugMon_Handler                         0x0000017d   Thumb Code     2  startup_lpc17xx.o(.text)
    PendSV_Handler                           0x0000017f   Thumb Code     2  startup_lpc17xx.o(.text)
    ADC_IRQHandler                           0x00000183   Thumb Code     0  startup_lpc17xx.o(.text)
    BOD_IRQHandler                           0x00000183   Thumb Code     0  startup_lpc17xx.o(.text)
    CANActivity_IRQHandler                   0x00000183   Thumb Code     0  startup_lpc17xx.o(.text)
    CAN_IRQHandler                           0x00000183   Thumb Code     0  startup_lpc17xx.o(.text)
    EINT0_IRQHandler                         0x00000183   Thumb Code     0  startup_lpc17xx.o(.text)
    EINT1_IRQHandler                         0x00000183   Thumb Code     0  startup_lpc17xx.o(.text)
    EINT2_IRQHandler                         0x00000183   Thumb Code     0  startup_lpc17xx.o(.text)
    EINT3_IRQHandler                         0x00000183   Thumb Code     0  startup_lpc17xx.o(.text)
    ENET_IRQHandler                          0x00000183   Thumb Code     0  startup_lpc17xx.o(.text)
    I2C0_IRQHandler                          0x00000183   Thumb Code     0  startup_lpc17xx.o(.text)
    I2C1_IRQHandler                          0x00000183   Thumb Code     0  startup_lpc17xx.o(.text)
    I2C2_IRQHandler                          0x00000183   Thumb Code     0  startup_lpc17xx.o(.text)
    I2S_IRQHandler                           0x00000183   Thumb Code     0  startup_lpc17xx.o(.text)
    MCPWM_IRQHandler                         0x00000183   Thumb Code     0  startup_lpc17xx.o(.text)
    PLL0_IRQHandler                          0x00000183   Thumb Code     0  startup_lpc17xx.o(.text)
    PLL1_IRQHandler                          0x00000183   Thumb Code     0  startup_lpc17xx.o(.text)
    PWM1_IRQHandler                          0x00000183   Thumb Code     0  startup_lpc17xx.o(.text)
    QEI_IRQHandler                           0x00000183   Thumb Code     0  startup_lpc17xx.o(.text)
    RIT_IRQHandler                           0x00000183   Thumb Code     0  startup_lpc17xx.o(.text)
    RTC_IRQHandler                           0x00000183   Thumb Code     0  startup_lpc17xx.o(.text)
    SPI_IRQHandler                           0x00000183   Thumb Code     0  startup_lpc17xx.o(.text)
    SSP0_IRQHandler                          0x00000183   Thumb Code     0  startup_lpc17xx.o(.text)
    SSP1_IRQHandler                          0x00000183   Thumb Code     0  startup_lpc17xx.o(.text)
    TIMER0_IRQHandler                        0x00000183   Thumb Code     0  startup_lpc17xx.o(.text)
    TIMER1_IRQHandler                        0x00000183   Thumb Code     0  startup_lpc17xx.o(.text)
    TIMER2_IRQHandler                        0x00000183   Thumb Code     0  startup_lpc17xx.o(.text)
    TIMER3_IRQHandler                        0x00000183   Thumb Code     0  startup_lpc17xx.o(.text)
    UART0_IRQHandler                         0x00000183   Thumb Code     0  startup_lpc17xx.o(.text)
    UART1_IRQHandler                         0x00000183   Thumb Code     0  startup_lpc17xx.o(.text)
    UART2_IRQHandler                         0x00000183   Thumb Code     0  startup_lpc17xx.o(.text)
    USBActivity_IRQHandler                   0x00000183   Thumb Code     0  startup_lpc17xx.o(.text)
    USB_IRQHandler                           0x00000183   Thumb Code     0  startup_lpc17xx.o(.text)
    WDT_IRQHandler                           0x00000183   Thumb Code     0  startup_lpc17xx.o(.text)
    __user_initial_stackheap                 0x00000185   Thumb Code     0  startup_lpc17xx.o(.text)
    __aeabi_uldivmod                         0x000001a5   Thumb Code     0  lludivv7m.o(.text)
    _ll_udiv                                 0x000001a5   Thumb Code   240  lludivv7m.o(.text)
    __use_two_region_memory                  0x00000295   Thumb Code     2  heapauxi.o(.text)
    __rt_heap_escrow$2region                 0x00000297   Thumb Code     2  heapauxi.o(.text)
    __rt_heap_expand$2region                 0x00000299   Thumb Code     2  heapauxi.o(.text)
    __user_setup_stackheap                   0x0000029b   Thumb Code    74  sys_stackheap_outer.o(.text)
    exit                                     0x000002e5   Thumb Code    18  exit.o(.text)
    __I$use$semihosting                      0x000002f7   Thumb Code     0  use_no_semi.o(.text)
    __use_no_semihosting_swi                 0x000002f7   Thumb Code     2  use_no_semi.o(.text)
    __semihosting_library_function           0x000002f9   Thumb Code     0  indicate_semi.o(.text)
    __user_libspace                          0x00000301   Thumb Code     8  libspace.o(.text)
    __user_perproc_libspace                  0x00000301   Thumb Code     0  libspace.o(.text)
    __user_perthread_libspace                0x00000301   Thumb Code     0  libspace.o(.text)
    _sys_exit                                0x00000309   Thumb Code     8  sys_exit.o(.text)
    DMA_IRQHandler                           0x00000315   Thumb Code   266  gpdma_lpc17xx.o(.text.DMA_IRQHandler)
    GPDMA_ChannelConfigure                   0x00000421   Thumb Code   248  gpdma_lpc17xx.o(.text.GPDMA_ChannelConfigure)
    GPDMA_ChannelDisable                     0x00000519   Thumb Code    66  gpdma_lpc17xx.o(.text.GPDMA_ChannelDisable)
    GPDMA_ChannelGetCount                    0x0000055d   Thumb Code    46  gpdma_lpc17xx.o(.text.GPDMA_ChannelGetCount)
    GPDMA_Initialize                         0x0000058d   Thumb Code   110  gpdma_lpc17xx.o(.text.GPDMA_Initialize)
    GPDMA_PeripheralSelect                   0x000005fd   Thumb Code    58  gpdma_lpc17xx.o(.text.GPDMA_PeripheralSelect)
    GPDMA_Uninitialize                       0x00000639   Thumb Code    76  gpdma_lpc17xx.o(.text.GPDMA_Uninitialize)
    GPIO_PinWrite                            0x00000685   Thumb Code    28  gpio_lpc17xx.o(.text.GPIO_PinWrite)
    GPIO_PortClock                           0x000006a1   Thumb Code    26  gpio_lpc17xx.o(.text.GPIO_PortClock)
    GPIO_SetDir                              0x000006bd   Thumb Code    34  gpio_lpc17xx.o(.text.GPIO_SetDir)
    LED_Initialize                           0x000006e1   Thumb Code    88  led_open1768.o(.text.LED_Initialize)
    LED_Off                                  0x00000739   Thumb Code    40  led_open1768.o(.text.LED_Off)
    LED_On                                   0x00000761   Thumb Code    42  led_open1768.o(.text.LED_On)
    PIN_Configure                            0x0000078d   Thumb Code   116  pin_lpc17xx.o(.text.PIN_Configure)
    SysTick_Handler                          0x00000801   Thumb Code    16  main.o(.text.SysTick_Handler)
    SystemInit                               0x00000811   Thumb Code   204  system_lpc17xx.o(.text.SystemInit)
    UART3_IRQHandler                         0x000008dd   Thumb Code   538  uart_lpc17xx.o(.text.UART3_IRQHandler)
    USART3_GPDMA_Rx_Event                    0x00000e49   Thumb Code    82  uart_lpc17xx.o(.text.USART3_GPDMA_Rx_Event)
    USART3_GPDMA_Tx_Event                    0x00000e9d   Thumb Code    48  uart_lpc17xx.o(.text.USART3_GPDMA_Tx_Event)
    USART_SetBaudrate                        0x000012dd   Thumb Code   288  uart_lpc17xx.o(.text.USART_SetBaudrate)
    main                                     0x00001409   Thumb Code   132  main.o(.text.main)
    Driver_USART3                            0x000014b0   Data          56  uart_lpc17xx.o(.rodata.Driver_USART3)
    Region$$Table$$Base                      0x0000169c   Number         0  anon$$obj.o(Region$$Table)
    Region$$Table$$Limit                     0x000016cc   Number         0  anon$$obj.o(Region$$Table)
    SystemCoreClock                          0x2007c000   Data           4  system_lpc17xx.o(.data.SystemCoreClock)
    __libspace_start                         0x2007c008   Data          96  libspace.o(.bss)
    __temporary_stack_top$libspace           0x2007c068   Data           0  libspace.o(.bss)
    msTicks                                  0x2007c144   Data           4  main.o(.bss.msTicks)



==============================================================================

Memory Map of the image

  Image Entry point : 0x000000cd

  Load Region LR_IROM1 (Base: 0x00000000, Size: 0x000016d8, Max: 0x00080000, ABSOLUTE)

    Execution Region ER_IROM1 (Exec base: 0x00000000, Load base: 0x00000000, Size: 0x000016cc, Max: 0x00080000, ABSOLUTE)

    Exec Addr    Load Addr    Size         Type   Attr      Idx    E Section Name        Object

    0x00000000   0x00000000   0x000000cc   Data   RO          192    RESET               startup_lpc17xx.o
    0x000000cc   0x000000cc   0x00000008   Code   RO          220  * !!!main             c_w.l(__main.o)
    0x000000d4   0x000000d4   0x00000034   Code   RO          395    !!!scatter          c_w.l(__scatter.o)
    0x00000108   0x00000108   0x0000001a   Code   RO          397    !!handler_copy      c_w.l(__scatter_copy.o)
    0x00000122   0x00000122   0x00000002   PAD
    0x00000124   0x00000124   0x0000001c   Code   RO          399    !!handler_zi        c_w.l(__scatter_zi.o)
    0x00000140   0x00000140   0x00000002   Code   RO          257    .ARM.Collect$$libinit$$00000000  c_w.l(libinit.o)
    0x00000142   0x00000142   0x00000000   Code   RO          270    .ARM.Collect$$libinit$$00000002  c_w.l(libinit2.o)
    0x00000142   0x00000142   0x00000000   Code   RO          272    .ARM.Collect$$libinit$$00000004  c_w.l(libinit2.o)
    0x00000142   0x00000142   0x00000000   Code   RO          274    .ARM.Collect$$libinit$$00000006  c_w.l(libinit2.o)
    0x00000142   0x00000142   0x00000000   Code   RO          277    .ARM.Collect$$libinit$$0000000C  c_w.l(libinit2.o)
    0x00000142   0x00000142   0x00000000   Code   RO          279    .ARM.Collect$$libinit$$0000000E  c_w.l(libinit2.o)
    0x00000142   0x00000142   0x00000000   Code   RO          281    .ARM.Collect$$libinit$$00000010  c_w.l(libinit2.o)
    0x00000142   0x00000142   0x00000000   Code   RO          284    .ARM.Collect$$libinit$$00000013  c_w.l(libinit2.o)
    0x00000142   0x00000142   0x00000000   Code   RO          286    .ARM.Collect$$libinit$$00000015  c_w.l(libinit2.o)
    0x00000142   0x00000142   0x00000000   Code   RO          288    .ARM.Collect$$libinit$$00000017  c_w.l(libinit2.o)
    0x00000142   0x00000142   0x00000000   Code   RO          290    .ARM.Collect$$libinit$$00000019  c_w.l(libinit2.o)
    0x00000142   0x00000142   0x00000000   Code   RO          292    .ARM.Collect$$libinit$$0000001B  c_w.l(libinit2.o)
    0x00000142   0x00000142   0x00000000   Code   RO          294    .ARM.Collect$$libinit$$0000001D  c_w.l(libinit2.o)
    0x00000142   0x00000142   0x00000000   Code   RO          296    .ARM.Collect$$libinit$$0000001F  c_w.l(libinit2.o)
    0x00000142   0x00000142   0x00000000   Code   RO          298    .ARM.Collect$$libinit$$00000021  c_w.l(libinit2.o)
    0x00000142   0x00000142   0x00000000   Code   RO          300    .ARM.Collect$$libinit$$00000023  c_w.l(libinit2.o)
    0x00000142   0x00000142   0x00000000   Code   RO          302    .ARM.Collect$$libinit$$00000025  c_w.l(libinit2.o)
    0x00000142   0x00000142   0x00000000   Code   RO          304    .ARM.Collect$$libinit$$00000027  c_w.l(libinit2.o)
    0x00000142   0x00000142   0x00000000   Code   RO          308    .ARM.Collect$$libinit$$0000002E  c_w.l(libinit2.o)
    0x00000142   0x00000142   0x00000000   Code   RO          310    .ARM.Collect$$libinit$$00000030  c_w.l(libinit2.o)
    0x00000142   0x00000142   0x00000000   Code   RO          312    .ARM.Collect$$libinit$$00000032  c_w.l(libinit2.o)
    0x00000142   0x00000142   0x00000000   Code   RO          314    .ARM.Collect$$libinit$$00000034  c_w.l(libinit2.o)
    0x00000142   0x00000142   0x00000002   Code   RO          315    .ARM.Collect$$libinit$$00000035  c_w.l(libinit2.o)
    0x00000144   0x00000144   0x00000002   Code   RO          350    .ARM.Collect$$libshutdown$$00000000  c_w.l(libshutdown.o)
    0x00000146   0x00000146   0x00000000   Code   RO          378    .ARM.Collect$$libshutdown$$00000002  c_w.l(libshutdown2.o)
    0x00000146   0x00000146   0x00000000   Code   RO          380    .ARM.Collect$$libshutdown$$00000004  c_w.l(libshutdown2.o)
    0x00000146   0x00000146   0x00000000   Code   RO          383    .ARM.Collect$$libshutdown$$00000007  c_w.l(libshutdown2.o)
    0x00000146   0x00000146   0x00000000   Code   RO          386    .ARM.Collect$$libshutdown$$0000000A  c_w.l(libshutdown2.o)
    0x00000146   0x00000146   0x00000000   Code   RO          388    .ARM.Collect$$libshutdown$$0000000C  c_w.l(libshutdown2.o)
    0x00000146   0x00000146   0x00000000   Code   RO          391    .ARM.Collect$$libshutdown$$0000000F  c_w.l(libshutdown2.o)
    0x00000146   0x00000146   0x00000002   Code   RO          392    .ARM.Collect$$libshutdown$$00000010  c_w.l(libshutdown2.o)
    0x00000148   0x00000148   0x00000000   Code   RO          222    .ARM.Collect$$rtentry$$00000000  c_w.l(__rtentry.o)
    0x00000148   0x00000148   0x00000000   Code   RO          228    .ARM.Collect$$rtentry$$00000002  c_w.l(__rtentry2.o)
    0x00000148   0x00000148   0x00000006   Code   RO          240    .ARM.Collect$$rtentry$$00000004  c_w.l(__rtentry4.o)
    0x0000014e   0x0000014e   0x00000000   Code   RO          230    .ARM.Collect$$rtentry$$00000009  c_w.l(__rtentry2.o)
    0x0000014e   0x0000014e   0x00000004   Code   RO          231    .ARM.Collect$$rtentry$$0000000A  c_w.l(__rtentry2.o)
    0x00000152   0x00000152   0x00000000   Code   RO          233    .ARM.Collect$$rtentry$$0000000C  c_w.l(__rtentry2.o)
    0x00000152   0x00000152   0x00000008   Code   RO          234    .ARM.Collect$$rtentry$$0000000D  c_w.l(__rtentry2.o)
    0x0000015a   0x0000015a   0x00000002   Code   RO          261    .ARM.Collect$$rtexit$$00000000  c_w.l(rtexit.o)
    0x0000015c   0x0000015c   0x00000000   Code   RO          321    .ARM.Collect$$rtexit$$00000002  c_w.l(rtexit2.o)
    0x0000015c   0x0000015c   0x00000004   Code   RO          322    .ARM.Collect$$rtexit$$00000003  c_w.l(rtexit2.o)
    0x00000160   0x00000160   0x00000006   Code   RO          323    .ARM.Collect$$rtexit$$00000004  c_w.l(rtexit2.o)
    0x00000166   0x00000166   0x00000002   PAD
    0x00000168   0x00000168   0x0000003c   Code   RO          194    .text               startup_lpc17xx.o
    0x000001a4   0x000001a4   0x000000f0   Code   RO          216    .text               c_w.l(lludivv7m.o)
    0x00000294   0x00000294   0x00000006   Code   RO          218    .text               c_w.l(heapauxi.o)
    0x0000029a   0x0000029a   0x0000004a   Code   RO          244    .text               c_w.l(sys_stackheap_outer.o)
    0x000002e4   0x000002e4   0x00000012   Code   RO          246    .text               c_w.l(exit.o)
    0x000002f6   0x000002f6   0x00000002   Code   RO          339    .text               c_w.l(use_no_semi.o)
    0x000002f8   0x000002f8   0x00000000   Code   RO          341    .text               c_w.l(indicate_semi.o)
    0x000002f8   0x000002f8   0x00000004   Code   RO           83    .text.USART3_GetCapabilities  uart_lpc17xx.o
    0x000002fc   0x000002fc   0x00000004   Code   RO          193    .ARM.__at_0x02FC    startup_lpc17xx.o
    0x00000300   0x00000300   0x00000008   Code   RO          258    .text               c_w.l(libspace.o)
    0x00000308   0x00000308   0x0000000c   Code   RO          316    .text               c_w.l(sys_exit.o)
    0x00000314   0x00000314   0x0000010a   Code   RO          144    .text.DMA_IRQHandler  gpdma_lpc17xx.o
    0x0000041e   0x0000041e   0x00000002   PAD
    0x00000420   0x00000420   0x000000f8   Code   RO          134    .text.GPDMA_ChannelConfigure  gpdma_lpc17xx.o
    0x00000518   0x00000518   0x00000042   Code   RO          138    .text.GPDMA_ChannelDisable  gpdma_lpc17xx.o
    0x0000055a   0x0000055a   0x00000002   PAD
    0x0000055c   0x0000055c   0x0000002e   Code   RO          142    .text.GPDMA_ChannelGetCount  gpdma_lpc17xx.o
    0x0000058a   0x0000058a   0x00000002   PAD
    0x0000058c   0x0000058c   0x0000006e   Code   RO          128    .text.GPDMA_Initialize  gpdma_lpc17xx.o
    0x000005fa   0x000005fa   0x00000002   PAD
    0x000005fc   0x000005fc   0x0000003a   Code   RO          132    .text.GPDMA_PeripheralSelect  gpdma_lpc17xx.o
    0x00000636   0x00000636   0x00000002   PAD
    0x00000638   0x00000638   0x0000004c   Code   RO          130    .text.GPDMA_Uninitialize  gpdma_lpc17xx.o
    0x00000684   0x00000684   0x0000001c   Code   RO          161    .text.GPIO_PinWrite  gpio_lpc17xx.o
    0x000006a0   0x000006a0   0x0000001a   Code   RO          157    .text.GPIO_PortClock  gpio_lpc17xx.o
    0x000006ba   0x000006ba   0x00000002   PAD
    0x000006bc   0x000006bc   0x00000022   Code   RO          159    .text.GPIO_SetDir   gpio_lpc17xx.o
    0x000006de   0x000006de   0x00000002   PAD
    0x000006e0   0x000006e0   0x00000058   Code   RO           52    .text.LED_Initialize  led_open1768.o
    0x00000738   0x00000738   0x00000028   Code   RO           58    .text.LED_Off       led_open1768.o
    0x00000760   0x00000760   0x0000002a   Code   RO           56    .text.LED_On        led_open1768.o
    0x0000078a   0x0000078a   0x00000002   PAD
    0x0000078c   0x0000078c   0x00000074   Code   RO          177    .text.PIN_Configure  pin_lpc17xx.o
    0x00000800   0x00000800   0x00000010   Code   RO            6    .text.SysTick_Handler  main.o
    0x00000810   0x00000810   0x000000cc   Code   RO          205    .text.SystemInit    system_lpc17xx.o
    0x000008dc   0x000008dc   0x0000021a   Code   RO           75    .text.UART3_IRQHandler  uart_lpc17xx.o
    0x00000af6   0x00000af6   0x00000002   PAD
    0x00000af8   0x00000af8   0x00000350   Code   RO          101    .text.USART3_Control  uart_lpc17xx.o
    0x00000e48   0x00000e48   0x00000052   Code   RO           79    .text.USART3_GPDMA_Rx_Event  uart_lpc17xx.o
    0x00000e9a   0x00000e9a   0x00000002   PAD
    0x00000e9c   0x00000e9c   0x00000030   Code   RO           77    .text.USART3_GPDMA_Tx_Event  uart_lpc17xx.o
    0x00000ecc   0x00000ecc   0x00000004   Code   RO          107    .text.USART3_GetModemStatus  uart_lpc17xx.o
    0x00000ed0   0x00000ed0   0x00000006   Code   RO           99    .text.USART3_GetRxCount  uart_lpc17xx.o
    0x00000ed6   0x00000ed6   0x00000002   PAD
    0x00000ed8   0x00000ed8   0x00000052   Code   RO          103    .text.USART3_GetStatus  uart_lpc17xx.o
    0x00000f2a   0x00000f2a   0x00000002   PAD
    0x00000f2c   0x00000f2c   0x00000006   Code   RO           97    .text.USART3_GetTxCount  uart_lpc17xx.o
    0x00000f32   0x00000f32   0x00000002   PAD
    0x00000f34   0x00000f34   0x00000030   Code   RO           85    .text.USART3_Initialize  uart_lpc17xx.o
    0x00000f64   0x00000f64   0x0000015c   Code   RO           89    .text.USART3_PowerControl  uart_lpc17xx.o
    0x000010c0   0x000010c0   0x00000004   Code   RO           93    .text.USART3_Receive  uart_lpc17xx.o
    0x000010c4   0x000010c4   0x00000004   Code   RO           91    .text.USART3_Send   uart_lpc17xx.o
    0x000010c8   0x000010c8   0x0000001a   Code   RO          105    .text.USART3_SetModemControl  uart_lpc17xx.o
    0x000010e2   0x000010e2   0x00000002   PAD
    0x000010e4   0x000010e4   0x0000005a   Code   RO           95    .text.USART3_Transfer  uart_lpc17xx.o
    0x0000113e   0x0000113e   0x00000002   PAD
    0x00001140   0x00001140   0x00000018   Code   RO           87    .text.USART3_Uninitialize  uart_lpc17xx.o
    0x00001158   0x00001158   0x000000ce   Code   RO          111    .text.USART_Receive  uart_lpc17xx.o
    0x00001226   0x00001226   0x00000002   PAD
    0x00001228   0x00001228   0x000000b2   Code   RO          109    .text.USART_Send    uart_lpc17xx.o
    0x000012da   0x000012da   0x00000002   PAD
    0x000012dc   0x000012dc   0x00000120   Code   RO           73    .text.USART_SetBaudrate  uart_lpc17xx.o
    0x000013fc   0x000013fc   0x0000000a   Code   RO           81    .text.USARTx_GetVersion  uart_lpc17xx.o
    0x00001406   0x00001406   0x00000002   PAD
    0x00001408   0x00001408   0x000000a8   Code   RO            8    .text.main          main.o
    0x000014b0   0x000014b0   0x00000038   Data   RO          114    .rodata.Driver_USART3  uart_lpc17xx.o
    0x000014e8   0x000014e8   0x00000008   Data   RO          116    .rodata.USART3_DMA_Rx  uart_lpc17xx.o
    0x000014f0   0x000014f0   0x00000008   Data   RO          115    .rodata.USART3_DMA_Tx  uart_lpc17xx.o
    0x000014f8   0x000014f8   0x00000064   Data   RO          118    .rodata.USART3_Resources  uart_lpc17xx.o
    0x0000155c   0x0000155c   0x00000010   Data   RO           64    .rodata.cst16       led_open1768.o
    0x0000156c   0x0000156c   0x00000010   Data   RO          119    .rodata.cst16       uart_lpc17xx.o
    0x0000157c   0x0000157c   0x00000120   Data   RO          113    .rodata.fract_div_lookup_table  uart_lpc17xx.o
    0x0000169c   0x0000169c   0x00000030   Data   RO          394    Region$$Table       anon$$obj.o


    Execution Region RW_IRAM1 (Exec base: 0x10000000, Load base: 0x000016cc, Size: 0x00000200, Max: 0x00008000, ABSOLUTE)

    Exec Addr    Load Addr    Size         Type   Attr      Idx    E Section Name        Object

    0x10000000        -       0x00000200   Zero   RW          190    STACK               startup_lpc17xx.o


    Execution Region RW_IRAM2 (Exec base: 0x2007c000, Load base: 0x000016d0, Size: 0x00000148, Max: 0x00008000, ABSOLUTE)

    Exec Addr    Load Addr    Size         Type   Attr      Idx    E Section Name        Object

    0x2007c000   0x000016d0   0x00000004   Data   RW          207    .data.SystemCoreClock  system_lpc17xx.o
    0x2007c004   0x000016d4   0x00000004   PAD
    0x2007c008        -       0x00000060   Zero   RW          259    .bss                c_w.l(libspace.o)
    0x2007c068        -       0x00000004   Zero   RW          148    .bss.Channel_active  gpdma_lpc17xx.o
    0x2007c06c        -       0x000000a0   Zero   RW          147    .bss.Channel_info   gpdma_lpc17xx.o
    0x2007c10c        -       0x00000004   Zero   RW          146    .bss.Init_cnt       gpdma_lpc17xx.o
    0x2007c110        -       0x00000034   Zero   RW          117    .bss.USART3_Info    uart_lpc17xx.o
    0x2007c144        -       0x00000004   Zero   RW           10    .bss.msTicks        main.o
    0x2007c148        -       0x00000000   Zero   RW          191    HEAP                startup_lpc17xx.o


==============================================================================

Image component sizes


      Code (inc. data)   RO Data    RW Data    ZI Data      Debug   Object Name

       870          0          0          0        168       7456   gpdma_lpc17xx.o
        88          0          0          0          0       4017   gpio_lpc17xx.o
       170          0         16          0          0       2138   led_open1768.o
       184         36          0          0          4       6260   main.o
       116          0          0          0          0       2516   pin_lpc17xx.o
        64         26        204          0        512       1016   startup_lpc17xx.o
       204          0          0          4          0       2128   system_lpc17xx.o
      2844         58        476          0         52      18655   uart_lpc17xx.o

    ----------------------------------------------------------------------
      4576        120        744          4        740      44186   Object Totals
         0          0         48          0          0          0   (incl. Generated)
        36          0          0          0          4          0   (incl. Padding)

    ----------------------------------------------------------------------

      Code (inc. data)   RO Data    RW Data    ZI Data      Debug   Library Member Name

         8          0          0          0          0         68   __main.o
         0          0          0          0          0          0   __rtentry.o
        12          0          0          0          0          0   __rtentry2.o
         6          0          0          0          0          0   __rtentry4.o
        52          8          0          0          0          0   __scatter.o
        26          0          0          0          0          0   __scatter_copy.o
        28          0          0          0          0          0   __scatter_zi.o
        18          0          0          0          0         80   exit.o
         6          0          0          0          0        152   heapauxi.o
         0          0          0          0          0          0   indicate_semi.o
         2          0          0          0          0          0   libinit.o
         2          0          0          0          0          0   libinit2.o
         2          0          0          0          0          0   libshutdown.o
         2          0          0          0          0          0   libshutdown2.o
         8          4          0          0         96         68   libspace.o
       240          0          0          0          0        100   lludivv7m.o
         2          0          0          0          0          0   rtexit.o
        10          0          0          0          0          0   rtexit2.o
        12          4          0          0          0         68   sys_exit.o
        74          0          0          0          0         80   sys_stackheap_outer.o
         2          0          0          0          0         68   use_no_semi.o

    ----------------------------------------------------------------------
       516         16          0          0         96        684   Library Totals
         4          0          0          0          0          0   (incl. Padding)

    ----------------------------------------------------------------------

      Code (inc. data)   RO Data    RW Data    ZI Data      Debug   Library Name

       512         16          0          0         96        684   c_w.l

    ----------------------------------------------------------------------
       516         16          0          0         96        684   Library Totals

    ----------------------------------------------------------------------

==============================================================================


      Code (inc. data)   RO Data    RW Data    ZI Data      Debug   

      5092        136        744          4        836      44590   Grand Totals
      5092        136        744          4        836      44590   ELF Image Totals
      5092        136        744          4          0          0   ROM Totals

==============================================================================

    Total RO  Size (Code + RO Data)                 5836 (   5.70kB)
    Total RW  Size (RW Data + ZI Data)               840 (   0.82kB)
    Total ROM Size (Code + RO Data + RW Data)       5840 (   5.70kB)

==============================================================================

